07-18 17:11:49.960  7168  7191 I TestRunner: started: order_snackbar(com.example.lunchtray.OrderFunctionalityTests)
07-18 17:11:49.980  7168  7168 D LifecycleMonitor: Lifecycle status change: com.example.lunchtray.MainActivity@88a7b37 in: DESTROYED
07-18 17:11:49.987  7168  7168 V ActivityScenario: Activity lifecycle changed event received but ignored because the intent does not match. startActivityIntent=Intent { act=android.intent.action.MAIN cat=[android.intent.category.LAUNCHER] cmp=com.example.lunchtray/androidx.fragment.app.testing.FragmentScenario$EmptyFragmentActivity (has extras) }, activity.getIntent()=Intent { act=android.intent.action.MAIN cat=[android.intent.category.LAUNCHER] cmp=com.example.lunchtray/.MainActivity }, activity=com.example.lunchtray.MainActivity@88a7b37
07-18 17:11:49.988  7168  7168 V ActivityScenario: Update currentActivityStage to DESTROYED, currentActivity=null
07-18 17:11:49.988  7168  7168 V ActivityScenario: Update currentActivityStage to DESTROYED, currentActivity=null
07-18 17:11:49.990   552   863 W InputManager-JNI: Input channel object '3cd470b com.example.lunchtray/com.example.lunchtray.MainActivity (client)' was disposed without first being removed with the input manager!
07-18 17:11:50.045  7168  7191 W Settings: Setting always_finish_activities has moved from android.provider.Settings.System to android.provider.Settings.Global, returning read-only value.
07-18 17:11:50.104   767   887 D SplashScreenView: Build android.window.SplashScreenView{aa0ab12 V.E...... ......ID 0,0-0,0}
07-18 17:11:50.104   767   887 D SplashScreenView: Icon: view: null drawable: null size: 0
07-18 17:11:50.104   767   887 D SplashScreenView: Branding: view: android.view.View{c7482e3 G.ED..... ......I. 0,0-0,0 #10204a6 android:id/splashscreen_branding_view} drawable: null size w: 0 h: 0
07-18 17:11:50.265   333   377 D goldfish-address-space: claimShared: Ask to claim region [0x3fe199000 0x3fe1ff000]
07-18 17:11:50.279   333   377 D goldfish-address-space: claimShared: Ask to claim region [0x3fe1ff000 0x3fe265000]
07-18 17:11:50.316   333   377 D goldfish-address-space: claimShared: Ask to claim region [0x3fe265000 0x3fe2cb000]
07-18 17:11:50.331  1709  1709 I GsaVoiceInteractionSrv: Handling ACTION_STOP_HOTWORD
07-18 17:11:50.334  1709  1709 E HwDetectorWithState: a: 3
07-18 17:11:50.383  7168  7168 D LifecycleMonitor: Lifecycle status change: androidx.test.core.app.InstrumentationActivityInvoker$BootstrapActivity@4ff5f28 in: PRE_ON_CREATE
07-18 17:11:50.383  7168  7168 V ActivityScenario: Activity lifecycle changed event received but ignored because the intent does not match. startActivityIntent=Intent { act=android.intent.action.MAIN cat=[android.intent.category.LAUNCHER] cmp=com.example.lunchtray/androidx.fragment.app.testing.FragmentScenario$EmptyFragmentActivity (has extras) }, activity.getIntent()=Intent { act=android.intent.action.MAIN cat=[android.intent.category.LAUNCHER] flg=0x10008000 cmp=com.example.lunchtray/androidx.test.core.app.InstrumentationActivityInvoker$BootstrapActivity (has extras) }, activity=androidx.test.core.app.InstrumentationActivityInvoker$BootstrapActivity@4ff5f28
07-18 17:11:50.384  7168  7168 V ActivityScenario: Activity lifecycle changed event received but ignored because the intent does not match. startActivityIntent=Intent { act=android.intent.action.MAIN cat=[android.intent.category.LAUNCHER] cmp=com.example.lunchtray/.MainActivity }, activity.getIntent()=Intent { act=android.intent.action.MAIN cat=[android.intent.category.LAUNCHER] flg=0x10008000 cmp=com.example.lunchtray/androidx.test.core.app.InstrumentationActivityInvoker$BootstrapActivity (has extras) }, activity=androidx.test.core.app.InstrumentationActivityInvoker$BootstrapActivity@4ff5f28
07-18 17:11:50.385  7168  7168 V ActivityScenario: Activity lifecycle changed event received but ignored because the intent does not match. startActivityIntent=Intent { act=android.intent.action.MAIN cat=[android.intent.category.LAUNCHER] cmp=com.example.lunchtray/.MainActivity }, activity.getIntent()=Intent { act=android.intent.action.MAIN cat=[android.intent.category.LAUNCHER] flg=0x10008000 cmp=com.example.lunchtray/androidx.test.core.app.InstrumentationActivityInvoker$BootstrapActivity (has extras) }, activity=androidx.test.core.app.InstrumentationActivityInvoker$BootstrapActivity@4ff5f28
07-18 17:11:50.385  7168  7168 V ActivityScenario: Activity lifecycle changed event received but ignored because the intent does not match. startActivityIntent=Intent { act=android.intent.action.MAIN cat=[android.intent.category.LAUNCHER] cmp=com.example.lunchtray/.MainActivity }, activity.getIntent()=Intent { act=android.intent.action.MAIN cat=[android.intent.category.LAUNCHER] flg=0x10008000 cmp=com.example.lunchtray/androidx.test.core.app.InstrumentationActivityInvoker$BootstrapActivity (has extras) }, activity=androidx.test.core.app.InstrumentationActivityInvoker$BootstrapActivity@4ff5f28
07-18 17:11:50.414  7168  7168 D LifecycleMonitor: Lifecycle status change: androidx.test.core.app.InstrumentationActivityInvoker$BootstrapActivity@4ff5f28 in: CREATED
07-18 17:11:50.416  7168  7168 V ActivityScenario: Activity lifecycle changed event received but ignored because the intent does not match. startActivityIntent=Intent { act=android.intent.action.MAIN cat=[android.intent.category.LAUNCHER] cmp=com.example.lunchtray/androidx.fragment.app.testing.FragmentScenario$EmptyFragmentActivity (has extras) }, activity.getIntent()=Intent { act=android.intent.action.MAIN cat=[android.intent.category.LAUNCHER] flg=0x10008000 cmp=com.example.lunchtray/androidx.test.core.app.InstrumentationActivityInvoker$BootstrapActivity (has extras) }, activity=androidx.test.core.app.InstrumentationActivityInvoker$BootstrapActivity@4ff5f28
07-18 17:11:50.418  7168  7168 V ActivityScenario: Activity lifecycle changed event received but ignored because the intent does not match. startActivityIntent=Intent { act=android.intent.action.MAIN cat=[android.intent.category.LAUNCHER] cmp=com.example.lunchtray/.MainActivity }, activity.getIntent()=Intent { act=android.intent.action.MAIN cat=[android.intent.category.LAUNCHER] flg=0x10008000 cmp=com.example.lunchtray/androidx.test.core.app.InstrumentationActivityInvoker$BootstrapActivity (has extras) }, activity=androidx.test.core.app.InstrumentationActivityInvoker$BootstrapActivity@4ff5f28
07-18 17:11:50.425  7168  7168 V ActivityScenario: Activity lifecycle changed event received but ignored because the intent does not match. startActivityIntent=Intent { act=android.intent.action.MAIN cat=[android.intent.category.LAUNCHER] cmp=com.example.lunchtray/.MainActivity }, activity.getIntent()=Intent { act=android.intent.action.MAIN cat=[android.intent.category.LAUNCHER] flg=0x10008000 cmp=com.example.lunchtray/androidx.test.core.app.InstrumentationActivityInvoker$BootstrapActivity (has extras) }, activity=androidx.test.core.app.InstrumentationActivityInvoker$BootstrapActivity@4ff5f28
07-18 17:11:50.427  7168  7168 V ActivityScenario: Activity lifecycle changed event received but ignored because the intent does not match. startActivityIntent=Intent { act=android.intent.action.MAIN cat=[android.intent.category.LAUNCHER] cmp=com.example.lunchtray/.MainActivity }, activity.getIntent()=Intent { act=android.intent.action.MAIN cat=[android.intent.category.LAUNCHER] flg=0x10008000 cmp=com.example.lunchtray/androidx.test.core.app.InstrumentationActivityInvoker$BootstrapActivity (has extras) }, activity=androidx.test.core.app.InstrumentationActivityInvoker$BootstrapActivity@4ff5f28
07-18 17:11:50.436  7168  7168 D LifecycleMonitor: Lifecycle status change: androidx.test.core.app.InstrumentationActivityInvoker$BootstrapActivity@4ff5f28 in: STARTED
07-18 17:11:50.448  7168  7168 V ActivityScenario: Activity lifecycle changed event received but ignored because the intent does not match. startActivityIntent=Intent { act=android.intent.action.MAIN cat=[android.intent.category.LAUNCHER] cmp=com.example.lunchtray/androidx.fragment.app.testing.FragmentScenario$EmptyFragmentActivity (has extras) }, activity.getIntent()=Intent { act=android.intent.action.MAIN cat=[android.intent.category.LAUNCHER] flg=0x10008000 cmp=com.example.lunchtray/androidx.test.core.app.InstrumentationActivityInvoker$BootstrapActivity (has extras) }, activity=androidx.test.core.app.InstrumentationActivityInvoker$BootstrapActivity@4ff5f28
07-18 17:11:50.450  7168  7168 V ActivityScenario: Activity lifecycle changed event received but ignored because the intent does not match. startActivityIntent=Intent { act=android.intent.action.MAIN cat=[android.intent.category.LAUNCHER] cmp=com.example.lunchtray/.MainActivity }, activity.getIntent()=Intent { act=android.intent.action.MAIN cat=[android.intent.category.LAUNCHER] flg=0x10008000 cmp=com.example.lunchtray/androidx.test.core.app.InstrumentationActivityInvoker$BootstrapActivity (has extras) }, activity=androidx.test.core.app.InstrumentationActivityInvoker$BootstrapActivity@4ff5f28
07-18 17:11:50.452  7168  7168 V ActivityScenario: Activity lifecycle changed event received but ignored because the intent does not match. startActivityIntent=Intent { act=android.intent.action.MAIN cat=[android.intent.category.LAUNCHER] cmp=com.example.lunchtray/.MainActivity }, activity.getIntent()=Intent { act=android.intent.action.MAIN cat=[android.intent.category.LAUNCHER] flg=0x10008000 cmp=com.example.lunchtray/androidx.test.core.app.InstrumentationActivityInvoker$BootstrapActivity (has extras) }, activity=androidx.test.core.app.InstrumentationActivityInvoker$BootstrapActivity@4ff5f28
07-18 17:11:50.466  7168  7168 V ActivityScenario: Activity lifecycle changed event received but ignored because the intent does not match. startActivityIntent=Intent { act=android.intent.action.MAIN cat=[android.intent.category.LAUNCHER] cmp=com.example.lunchtray/.MainActivity }, activity.getIntent()=Intent { act=android.intent.action.MAIN cat=[android.intent.category.LAUNCHER] flg=0x10008000 cmp=com.example.lunchtray/androidx.test.core.app.InstrumentationActivityInvoker$BootstrapActivity (has extras) }, activity=androidx.test.core.app.InstrumentationActivityInvoker$BootstrapActivity@4ff5f28
07-18 17:11:50.554  1384  1871 D EGL_emulation: app_time_stats: avg=72.94ms min=4.40ms max=483.66ms count=14
07-18 17:11:50.611  7168  7168 D LifecycleMonitor: Lifecycle status change: androidx.test.core.app.InstrumentationActivityInvoker$BootstrapActivity@4ff5f28 in: RESUMED
07-18 17:11:50.614  7168  7168 V ActivityScenario: Activity lifecycle changed event received but ignored because the intent does not match. startActivityIntent=Intent { act=android.intent.action.MAIN cat=[android.intent.category.LAUNCHER] cmp=com.example.lunchtray/androidx.fragment.app.testing.FragmentScenario$EmptyFragmentActivity (has extras) }, activity.getIntent()=Intent { act=android.intent.action.MAIN cat=[android.intent.category.LAUNCHER] flg=0x10008000 cmp=com.example.lunchtray/androidx.test.core.app.InstrumentationActivityInvoker$BootstrapActivity (has extras) }, activity=androidx.test.core.app.InstrumentationActivityInvoker$BootstrapActivity@4ff5f28
07-18 17:11:50.621  7168  7168 V ActivityScenario: Activity lifecycle changed event received but ignored because the intent does not match. startActivityIntent=Intent { act=android.intent.action.MAIN cat=[android.intent.category.LAUNCHER] cmp=com.example.lunchtray/.MainActivity }, activity.getIntent()=Intent { act=android.intent.action.MAIN cat=[android.intent.category.LAUNCHER] flg=0x10008000 cmp=com.example.lunchtray/androidx.test.core.app.InstrumentationActivityInvoker$BootstrapActivity (has extras) }, activity=androidx.test.core.app.InstrumentationActivityInvoker$BootstrapActivity@4ff5f28
07-18 17:11:50.637  7168  7168 V ActivityScenario: Activity lifecycle changed event received but ignored because the intent does not match. startActivityIntent=Intent { act=android.intent.action.MAIN cat=[android.intent.category.LAUNCHER] cmp=com.example.lunchtray/.MainActivity }, activity.getIntent()=Intent { act=android.intent.action.MAIN cat=[android.intent.category.LAUNCHER] flg=0x10008000 cmp=com.example.lunchtray/androidx.test.core.app.InstrumentationActivityInvoker$BootstrapActivity (has extras) }, activity=androidx.test.core.app.InstrumentationActivityInvoker$BootstrapActivity@4ff5f28
07-18 17:11:50.637  7168  7168 V ActivityScenario: Activity lifecycle changed event received but ignored because the intent does not match. startActivityIntent=Intent { act=android.intent.action.MAIN cat=[android.intent.category.LAUNCHER] cmp=com.example.lunchtray/.MainActivity }, activity.getIntent()=Intent { act=android.intent.action.MAIN cat=[android.intent.category.LAUNCHER] flg=0x10008000 cmp=com.example.lunchtray/androidx.test.core.app.InstrumentationActivityInvoker$BootstrapActivity (has extras) }, activity=androidx.test.core.app.InstrumentationActivityInvoker$BootstrapActivity@4ff5f28
07-18 17:11:50.664  7168  7168 D LifecycleMonitor: Lifecycle status change: androidx.test.core.app.InstrumentationActivityInvoker$BootstrapActivity@4ff5f28 in: PAUSED
07-18 17:11:50.664  7168  7168 V ActivityScenario: Activity lifecycle changed event received but ignored because the intent does not match. startActivityIntent=Intent { act=android.intent.action.MAIN cat=[android.intent.category.LAUNCHER] cmp=com.example.lunchtray/androidx.fragment.app.testing.FragmentScenario$EmptyFragmentActivity (has extras) }, activity.getIntent()=Intent { act=android.intent.action.MAIN cat=[android.intent.category.LAUNCHER] flg=0x10008000 cmp=com.example.lunchtray/androidx.test.core.app.InstrumentationActivityInvoker$BootstrapActivity (has extras) }, activity=androidx.test.core.app.InstrumentationActivityInvoker$BootstrapActivity@4ff5f28
07-18 17:11:50.664  7168  7168 V ActivityScenario: Activity lifecycle changed event received but ignored because the intent does not match. startActivityIntent=Intent { act=android.intent.action.MAIN cat=[android.intent.category.LAUNCHER] cmp=com.example.lunchtray/.MainActivity }, activity.getIntent()=Intent { act=android.intent.action.MAIN cat=[android.intent.category.LAUNCHER] flg=0x10008000 cmp=com.example.lunchtray/androidx.test.core.app.InstrumentationActivityInvoker$BootstrapActivity (has extras) }, activity=androidx.test.core.app.InstrumentationActivityInvoker$BootstrapActivity@4ff5f28
07-18 17:11:50.664  7168  7168 V ActivityScenario: Activity lifecycle changed event received but ignored because the intent does not match. startActivityIntent=Intent { act=android.intent.action.MAIN cat=[android.intent.category.LAUNCHER] cmp=com.example.lunchtray/.MainActivity }, activity.getIntent()=Intent { act=android.intent.action.MAIN cat=[android.intent.category.LAUNCHER] flg=0x10008000 cmp=com.example.lunchtray/androidx.test.core.app.InstrumentationActivityInvoker$BootstrapActivity (has extras) }, activity=androidx.test.core.app.InstrumentationActivityInvoker$BootstrapActivity@4ff5f28
07-18 17:11:50.664  7168  7168 V ActivityScenario: Activity lifecycle changed event received but ignored because the intent does not match. startActivityIntent=Intent { act=android.intent.action.MAIN cat=[android.intent.category.LAUNCHER] cmp=com.example.lunchtray/.MainActivity }, activity.getIntent()=Intent { act=android.intent.action.MAIN cat=[android.intent.category.LAUNCHER] flg=0x10008000 cmp=com.example.lunchtray/androidx.test.core.app.InstrumentationActivityInvoker$BootstrapActivity (has extras) }, activity=androidx.test.core.app.InstrumentationActivityInvoker$BootstrapActivity@4ff5f28
07-18 17:11:50.726  7168  7168 D LifecycleMonitor: Lifecycle status change: com.example.lunchtray.MainActivity@bf5da79 in: PRE_ON_CREATE
07-18 17:11:50.726  7168  7168 V ActivityScenario: Activity lifecycle changed event received but ignored because the intent does not match. startActivityIntent=Intent { act=android.intent.action.MAIN cat=[android.intent.category.LAUNCHER] cmp=com.example.lunchtray/androidx.fragment.app.testing.FragmentScenario$EmptyFragmentActivity (has extras) }, activity.getIntent()=Intent { act=android.intent.action.MAIN cat=[android.intent.category.LAUNCHER] cmp=com.example.lunchtray/.MainActivity }, activity=com.example.lunchtray.MainActivity@bf5da79
07-18 17:11:50.726  7168  7168 V ActivityScenario: Activity lifecycle changed event received but ignored because the reported transition was not ON_CREATE while the last known transition was DESTROYED
07-18 17:11:50.726  7168  7168 V ActivityScenario: Activity lifecycle changed event received but ignored because the reported transition was not ON_CREATE while the last known transition was DESTROYED
07-18 17:11:50.727  7168  7168 V ActivityScenario: Activity lifecycle changed event received but ignored because the reported transition was not ON_CREATE while the last known transition was PRE_ON_CREATE
07-18 17:11:50.753  1951  1951 I A       : onApplyWindowInsets: systemWindowInsets=Insets{left=0, top=18, right=0, bottom=0}
07-18 17:11:50.754  1951  1951 I A       : onApplyWindowInsets: systemWindowInsets=Insets{left=0, top=18, right=0, bottom=0}
07-18 17:11:50.851  7168  7168 D LifecycleMonitor: Lifecycle status change: com.example.lunchtray.MainActivity@bf5da79 in: CREATED
07-18 17:11:50.852  7168  7168 V ActivityScenario: Activity lifecycle changed event received but ignored because the intent does not match. startActivityIntent=Intent { act=android.intent.action.MAIN cat=[android.intent.category.LAUNCHER] cmp=com.example.lunchtray/androidx.fragment.app.testing.FragmentScenario$EmptyFragmentActivity (has extras) }, activity.getIntent()=Intent { act=android.intent.action.MAIN cat=[android.intent.category.LAUNCHER] cmp=com.example.lunchtray/.MainActivity }, activity=com.example.lunchtray.MainActivity@bf5da79
07-18 17:11:50.853  7168  7168 V ActivityScenario: Update currentActivityStage to CREATED, currentActivity=com.example.lunchtray.MainActivity@bf5da79
07-18 17:11:50.854  7168  7168 V ActivityScenario: Update currentActivityStage to CREATED, currentActivity=com.example.lunchtray.MainActivity@bf5da79
07-18 17:11:50.855  7168  7168 V ActivityScenario: Update currentActivityStage to CREATED, currentActivity=com.example.lunchtray.MainActivity@bf5da79
07-18 17:11:50.874  7168  7168 D LifecycleMonitor: Lifecycle status change: com.example.lunchtray.MainActivity@bf5da79 in: STARTED
07-18 17:11:50.876  7168  7168 V ActivityScenario: Activity lifecycle changed event received but ignored because the intent does not match. startActivityIntent=Intent { act=android.intent.action.MAIN cat=[android.intent.category.LAUNCHER] cmp=com.example.lunchtray/androidx.fragment.app.testing.FragmentScenario$EmptyFragmentActivity (has extras) }, activity.getIntent()=Intent { act=android.intent.action.MAIN cat=[android.intent.category.LAUNCHER] cmp=com.example.lunchtray/.MainActivity }, activity=com.example.lunchtray.MainActivity@bf5da79
07-18 17:11:50.877  7168  7168 V ActivityScenario: Update currentActivityStage to STARTED, currentActivity=com.example.lunchtray.MainActivity@bf5da79
07-18 17:11:50.878  7168  7168 V ActivityScenario: Update currentActivityStage to STARTED, currentActivity=com.example.lunchtray.MainActivity@bf5da79
07-18 17:11:50.879  7168  7168 V ActivityScenario: Update currentActivityStage to STARTED, currentActivity=com.example.lunchtray.MainActivity@bf5da79
07-18 17:11:50.882  7168  7168 D LifecycleMonitor: Lifecycle status change: com.example.lunchtray.MainActivity@bf5da79 in: RESUMED
07-18 17:11:50.884  7168  7168 V ActivityScenario: Activity lifecycle changed event received but ignored because the intent does not match. startActivityIntent=Intent { act=android.intent.action.MAIN cat=[android.intent.category.LAUNCHER] cmp=com.example.lunchtray/androidx.fragment.app.testing.FragmentScenario$EmptyFragmentActivity (has extras) }, activity.getIntent()=Intent { act=android.intent.action.MAIN cat=[android.intent.category.LAUNCHER] cmp=com.example.lunchtray/.MainActivity }, activity=com.example.lunchtray.MainActivity@bf5da79
07-18 17:11:50.886  7168  7168 V ActivityScenario: Update currentActivityStage to RESUMED, currentActivity=com.example.lunchtray.MainActivity@bf5da79
07-18 17:11:50.888  7168  7168 V ActivityScenario: Update currentActivityStage to RESUMED, currentActivity=com.example.lunchtray.MainActivity@bf5da79
07-18 17:11:50.889  7168  7168 V ActivityScenario: Update currentActivityStage to RESUMED, currentActivity=com.example.lunchtray.MainActivity@bf5da79
07-18 17:11:50.910  7168  7168 D LifecycleMonitor: Lifecycle status change: androidx.test.core.app.InstrumentationActivityInvoker$BootstrapActivity@4ff5f28 in: STOPPED
07-18 17:11:50.913  7168  7168 V ActivityScenario: Activity lifecycle changed event received but ignored because the intent does not match. startActivityIntent=Intent { act=android.intent.action.MAIN cat=[android.intent.category.LAUNCHER] cmp=com.example.lunchtray/androidx.fragment.app.testing.FragmentScenario$EmptyFragmentActivity (has extras) }, activity.getIntent()=Intent { act=android.intent.action.MAIN cat=[android.intent.category.LAUNCHER] flg=0x10008000 cmp=com.example.lunchtray/androidx.test.core.app.InstrumentationActivityInvoker$BootstrapActivity (has extras) }, activity=androidx.test.core.app.InstrumentationActivityInvoker$BootstrapActivity@4ff5f28
07-18 17:11:50.915  7168  7168 V ActivityScenario: Activity lifecycle changed event received but ignored because the intent does not match. startActivityIntent=Intent { act=android.intent.action.MAIN cat=[android.intent.category.LAUNCHER] cmp=com.example.lunchtray/.MainActivity }, activity.getIntent()=Intent { act=android.intent.action.MAIN cat=[android.intent.category.LAUNCHER] flg=0x10008000 cmp=com.example.lunchtray/androidx.test.core.app.InstrumentationActivityInvoker$BootstrapActivity (has extras) }, activity=androidx.test.core.app.InstrumentationActivityInvoker$BootstrapActivity@4ff5f28
07-18 17:11:50.916  7168  7168 V ActivityScenario: Activity lifecycle changed event received but ignored because the intent does not match. startActivityIntent=Intent { act=android.intent.action.MAIN cat=[android.intent.category.LAUNCHER] cmp=com.example.lunchtray/.MainActivity }, activity.getIntent()=Intent { act=android.intent.action.MAIN cat=[android.intent.category.LAUNCHER] flg=0x10008000 cmp=com.example.lunchtray/androidx.test.core.app.InstrumentationActivityInvoker$BootstrapActivity (has extras) }, activity=androidx.test.core.app.InstrumentationActivityInvoker$BootstrapActivity@4ff5f28
07-18 17:11:50.918  7168  7168 V ActivityScenario: Activity lifecycle changed event received but ignored because the intent does not match. startActivityIntent=Intent { act=android.intent.action.MAIN cat=[android.intent.category.LAUNCHER] cmp=com.example.lunchtray/.MainActivity }, activity.getIntent()=Intent { act=android.intent.action.MAIN cat=[android.intent.category.LAUNCHER] flg=0x10008000 cmp=com.example.lunchtray/androidx.test.core.app.InstrumentationActivityInvoker$BootstrapActivity (has extras) }, activity=androidx.test.core.app.InstrumentationActivityInvoker$BootstrapActivity@4ff5f28
07-18 17:11:50.946   333   377 D goldfish-address-space: claimShared: Ask to claim region [0x3fe2cb000 0x3fe331000]
07-18 17:11:50.966   333   377 D goldfish-address-space: claimShared: Ask to claim region [0x3fe331000 0x3fe397000]
07-18 17:11:50.968   333   377 D goldfish-address-space: claimShared: Ask to claim region [0x3fe397000 0x3fe3fd000]
07-18 17:11:51.012  7168  7168 D RootViewPicker: Root not ready - waiting: 10ms for one to appear.
07-18 17:11:51.019   552   579 I ActivityTaskManager: Displayed com.example.lunchtray/.MainActivity: +925ms
07-18 17:11:51.086  7168  7168 D RootViewPicker: Root not ready - waiting: 25ms for one to appear.
07-18 17:11:51.119  5626  5626 I GoogleInputMethodService: GoogleInputMethodService.onFinishInput():3420
07-18 17:11:51.119  5626  5626 I GoogleInputMethodService: GoogleInputMethodService.onStartInput():2002
07-18 17:11:51.130  5626  5626 I DeviceUnlockedTag: DeviceUnlockedTag.notifyDeviceLockStatusChanged():31 Notify device unlocked.
07-18 17:11:51.187  7168  7168 I ViewInteraction: Performing 'single click' action on view view.getId() is <2131231208/com.example.lunchtray:id/start_order_btn>
07-18 17:11:51.409   552  2704 W InputManager-JNI: Input channel object '8be68e Splash Screen com.example.lunchtray (client)' was disposed without first being removed with the input manager!
07-18 17:11:51.424   396   501 D AudioFlinger: mixer(0x799b30e48a70) throttle end: throttle time(24)
07-18 17:11:52.156  7168  7168 I ViewInteraction: Performing 'single click' action on view view.getId() is <2131230844/com.example.lunchtray:id/cauliflower>
07-18 17:11:52.211  7168  7193 D EGL_emulation: app_time_stats: avg=24.52ms min=4.25ms max=181.93ms count=46
07-18 17:11:52.215  7168  7168 D SetEntree: entree value es not null MenuItem(name=Cauliflower, description=Whole cauliflower, brined, roasted, and deep fried, price=7.0, type=1)
07-18 17:11:52.215  7168  7168 D SetEntree: previous entree price  7.0
07-18 17:11:52.215  7168  7168 D SetEntree: Se agrego el valor a entree MenuItem(name=Cauliflower, description=Whole cauliflower, brined, roasted, and deep fried, price=7.0, type=1)
07-18 17:11:52.215  7168  7168 D ViewModel: Start function update subtotal and this is the value ---> 7.0
07-18 17:11:52.215  7168  7168 D ViewModel: value of subtotal ---> 0.0
07-18 17:11:52.219  7168  7168 D ViewModel: Add the value at subtotal
07-18 17:11:52.220  7168  7168 D TAX     : Inicia el calculo del tax
07-18 17:11:52.220  7168  7168 D TAX     : Valor de tax 0.56
07-18 17:11:52.220  7168  7168 D TAX     : Valor de total value 7.5600000000000005
07-18 17:11:52.557  7168  7168 I ViewInteraction: Performing 'single click' action on view view.getId() is <2131231081/com.example.lunchtray:id/next_button>
07-18 17:11:52.564  7168  7191 E TestRunner: failed: order_snackbar(com.example.lunchtray.OrderFunctionalityTests)
07-18 17:11:52.566  7168  7191 E TestRunner: ----- begin exception -----
07-18 17:11:52.576  7168  7191 E TestRunner: androidx.test.espresso.PerformException: Error performing 'single click' on view 'Animations or transitions are enabled on the target device.
07-18 17:11:52.576  7168  7191 E TestRunner: For more info check: https://developer.android.com/training/testing/espresso/setup#set-up-environment
07-18 17:11:52.576  7168  7191 E TestRunner:
07-18 17:11:52.576  7168  7191 E TestRunner: view.getId() is <2131231081/com.example.lunchtray:id/next_button>'.
07-18 17:11:52.576  7168  7191 E TestRunner: 	at androidx.test.espresso.PerformException$Builder.build(PerformException.java:1)
07-18 17:11:52.576  7168  7191 E TestRunner: 	at androidx.test.espresso.base.DefaultFailureHandler.getUserFriendlyError(DefaultFailureHandler.java:9)
07-18 17:11:52.576  7168  7191 E TestRunner: 	at androidx.test.espresso.base.DefaultFailureHandler.handle(DefaultFailureHandler.java:7)
07-18 17:11:52.576  7168  7191 E TestRunner: 	at androidx.test.espresso.ViewInteraction.waitForAndHandleInteractionResults(ViewInteraction.java:8)
07-18 17:11:52.576  7168  7191 E TestRunner: 	at androidx.test.espresso.ViewInteraction.desugaredPerform(ViewInteraction.java:11)
07-18 17:11:52.576  7168  7191 E TestRunner: 	at androidx.test.espresso.ViewInteraction.perform(ViewInteraction.java:4)
07-18 17:11:52.576  7168  7191 E TestRunner: 	at com.example.lunchtray.BaseTest.fullOrderFlow(BaseTest.kt:33)
07-18 17:11:52.576  7168  7191 E TestRunner: 	at com.example.lunchtray.OrderFunctionalityTests.order_snackbar(OrderFunctionalityTests.kt:272)
07-18 17:11:52.576  7168  7191 E TestRunner: 	at java.lang.reflect.Method.invoke(Native Method)
07-18 17:11:52.576  7168  7191 E TestRunner: 	at org.junit.runners.model.FrameworkMethod$1.runReflectiveCall(FrameworkMethod.java:50)
07-18 17:11:52.576  7168  7191 E TestRunner: 	at org.junit.internal.runners.model.ReflectiveCallable.run(ReflectiveCallable.java:12)
07-18 17:11:52.576  7168  7191 E TestRunner: 	at org.junit.runners.model.FrameworkMethod.invokeExplosively(FrameworkMethod.java:47)
07-18 17:11:52.576  7168  7191 E TestRunner: 	at org.junit.internal.runners.statements.InvokeMethod.evaluate(InvokeMethod.java:17)
07-18 17:11:52.576  7168  7191 E TestRunner: 	at org.junit.runners.ParentRunner.runLeaf(ParentRunner.java:325)
07-18 17:11:52.576  7168  7191 E TestRunner: 	at org.junit.runners.BlockJUnit4ClassRunner.runChild(BlockJUnit4ClassRunner.java:78)
07-18 17:11:52.576  7168  7191 E TestRunner: 	at org.junit.runners.BlockJUnit4ClassRunner.runChild(BlockJUnit4ClassRunner.java:57)
07-18 17:11:52.576  7168  7191 E TestRunner: 	at org.junit.runners.ParentRunner$3.run(ParentRunner.java:290)
07-18 17:11:52.576  7168  7191 E TestRunner: 	at org.junit.runners.ParentRunner$1.schedule(ParentRunner.java:71)
07-18 17:11:52.576  7168  7191 E TestRunner: 	at org.junit.runners.ParentRunner.runChildren(ParentRunner.java:288)
07-18 17:11:52.576  7168  7191 E TestRunner: 	at org.junit.runners.ParentRunner.access$000(ParentRunner.java:58)
07-18 17:11:52.576  7168  7191 E TestRunner: 	at org.junit.runners.ParentRunner$2.evaluate(ParentRunner.java:268)
07-18 17:11:52.576  7168  7191 E TestRunner: 	at org.junit.runners.ParentRunner.run(ParentRunner.java:363)
07-18 17:11:52.576  7168  7191 E TestRunner: 	at androidx.test.ext.junit.runners.AndroidJUnit4.run(AndroidJUnit4.java:162)
07-18 17:11:52.576  7168  7191 E TestRunner: 	at org.junit.runners.Suite.runChild(Suite.java:128)
07-18 17:11:52.576  7168  7191 E TestRunner: 	at org.junit.runners.Suite.runChild(Suite.java:27)
07-18 17:11:52.576  7168  7191 E TestRunner: 	at org.junit.runners.ParentRunner$3.run(ParentRunner.java:290)
07-18 17:11:52.576  7168  7191 E TestRunner: 	at org.junit.runners.ParentRunner$1.schedule(ParentRunner.java:71)
07-18 17:11:52.576  7168  7191 E TestRunner: 	at org.junit.runners.ParentRunner.runChildren(ParentRunner.java:288)
07-18 17:11:52.576  7168  7191 E TestRunner: 	at org.junit.runners.ParentRunner.access$000(ParentRunner.java:58)
07-18 17:11:52.576  7168  7191 E TestRunner: 	at org.junit.runners.ParentRunner$2.evaluate(ParentRunner.java:268)
07-18 17:11:52.576  7168  7191 E TestRunner: 	at org.junit.runners.ParentRunner.run(ParentRunner.java:363)
07-18 17:11:52.576  7168  7191 E TestRunner: 	at org.junit.runner.JUnitCore.run(JUnitCore.java:137)
07-18 17:11:52.576  7168  7191 E TestRunner: 	at org.junit.runner.JUnitCore.run(JUnitCore.java:115)
07-18 17:11:52.576  7168  7191 E TestRunner: 	at androidx.test.internal.runner.TestExecutor.execute(TestExecutor.java:56)
07-18 17:11:52.576  7168  7191 E TestRunner: 	at androidx.test.runner.AndroidJUnitRunner.onStart(AndroidJUnitRunner.java:444)
07-18 17:11:52.576  7168  7191 E TestRunner: 	at android.app.Instrumentation$InstrumentationThread.run(Instrumentation.java:2248)
07-18 17:11:52.576  7168  7191 E TestRunner: Caused by: java.lang.RuntimeException: Action will not be performed because the target view does not match one or more of the following constraints:
07-18 17:11:52.576  7168  7191 E TestRunner: (view has effective visibility <VISIBLE> and view.getGlobalVisibleRect() covers at least <90> percent of the view's area)
07-18 17:11:52.576  7168  7191 E TestRunner: Target view: "MaterialButton{id=2131231081, res-name=next_button, visibility=VISIBLE, width=102, height=36, has-focus=false, has-focusable=true, has-window-focus=true, is-clickable=true, is-enabled=true, is-focused=false, is-focusable=true, is-layout-requested=false, is-selected=false, layout-params=androidx.constraintlayout.widget.ConstraintLayout$LayoutParams@5086a0c, tag=null, root-is-layout-requested=false, has-input-connection=false, x=126.0, y=437.0, text=Next, input-type=0, ime-target=false, has-links=false, is-checked=false}"
07-18 17:11:52.576  7168  7191 E TestRunner: 	at androidx.test.espresso.ViewInteraction.doPerform(ViewInteraction.java:20)
07-18 17:11:52.576  7168  7191 E TestRunner: 	at androidx.test.espresso.ViewInteraction.access$100(ViewInteraction.java:1)
07-18 17:11:52.586  7168  7191 E TestRunner: 	at androidx.test.espresso.ViewInteraction$1.call(ViewInteraction.java:2)
07-18 17:11:52.586  7168  7191 E TestRunner: 	at androidx.test.espresso.ViewInteraction$1.call(ViewInteraction.java:1)
07-18 17:11:52.586  7168  7191 E TestRunner: 	at java.util.concurrent.FutureTask.run(FutureTask.java:266)
07-18 17:11:52.586  7168  7191 E TestRunner: 	at android.os.Handler.handleCallback(Handler.java:938)
07-18 17:11:52.586  7168  7191 E TestRunner: 	at android.os.Handler.dispatchMessage(Handler.java:99)
07-18 17:11:52.586  7168  7191 E TestRunner: 	at android.os.Looper.loopOnce(Looper.java:201)
07-18 17:11:52.586  7168  7191 E TestRunner: 	at android.os.Looper.loop(Looper.java:288)
07-18 17:11:52.586  7168  7191 E TestRunner: 	at android.app.ActivityThread.main(ActivityThread.java:7839)
07-18 17:11:52.586  7168  7191 E TestRunner: 	at java.lang.reflect.Method.invoke(Native Method)
07-18 17:11:52.586  7168  7191 E TestRunner: 	at com.android.internal.os.RuntimeInit$MethodAndArgsCaller.run(RuntimeInit.java:548)
07-18 17:11:52.586  7168  7191 E TestRunner: 	at com.android.internal.os.ZygoteInit.main(ZygoteInit.java:1003)
07-18 17:11:52.587  7168  7191 E TestRunner: ----- end exception -----
07-18 17:11:52.597  7168  7191 I TestRunner: finished: order_snackbar(com.example.lunchtray.OrderFunctionalityTests)
