07-18 17:11:53.430  7168  7191 I TestRunner: started: order_reset_after_cancel_from_entree_menu(com.example.lunchtray.OrderFunctionalityTests)
07-18 17:11:53.453  7168  7191 W Settings: Setting always_finish_activities has moved from android.provider.Settings.System to android.provider.Settings.Global, returning read-only value.
07-18 17:11:53.471   767   887 D SplashScreenView: Build android.window.SplashScreenView{c019055 V.E...... ......ID 0,0-0,0}
07-18 17:11:53.471   767   887 D SplashScreenView: Icon: view: null drawable: null size: 0
07-18 17:11:53.471   767   887 D SplashScreenView: Branding: view: android.view.View{d628a6a G.ED..... ......I. 0,0-0,0 #10204a6 android:id/splashscreen_branding_view} drawable: null size w: 0 h: 0
07-18 17:11:53.567   333   377 D goldfish-address-space: claimShared: Ask to claim region [0x3fe6a2000 0x3fe708000]
07-18 17:11:53.600  1709  1709 I GsaVoiceInteractionSrv: Handling ACTION_STOP_HOTWORD
07-18 17:11:53.602  1709  1709 E HwDetectorWithState: a: 3
07-18 17:11:53.603  7168  7168 D LifecycleMonitor: Lifecycle status change: androidx.test.core.app.InstrumentationActivityInvoker$BootstrapActivity@bee2722 in: PRE_ON_CREATE
07-18 17:11:53.603  7168  7168 V ActivityScenario: Activity lifecycle changed event received but ignored because the intent does not match. startActivityIntent=Intent { act=android.intent.action.MAIN cat=[android.intent.category.LAUNCHER] cmp=com.example.lunchtray/androidx.fragment.app.testing.FragmentScenario$EmptyFragmentActivity (has extras) }, activity.getIntent()=Intent { act=android.intent.action.MAIN cat=[android.intent.category.LAUNCHER] flg=0x10008000 cmp=com.example.lunchtray/androidx.test.core.app.InstrumentationActivityInvoker$BootstrapActivity (has extras) }, activity=androidx.test.core.app.InstrumentationActivityInvoker$BootstrapActivity@bee2722
07-18 17:11:53.604  7168  7168 V ActivityScenario: Activity lifecycle changed event received but ignored because the intent does not match. startActivityIntent=Intent { act=android.intent.action.MAIN cat=[android.intent.category.LAUNCHER] cmp=com.example.lunchtray/.MainActivity }, activity.getIntent()=Intent { act=android.intent.action.MAIN cat=[android.intent.category.LAUNCHER] flg=0x10008000 cmp=com.example.lunchtray/androidx.test.core.app.InstrumentationActivityInvoker$BootstrapActivity (has extras) }, activity=androidx.test.core.app.InstrumentationActivityInvoker$BootstrapActivity@bee2722
07-18 17:11:53.604  7168  7168 V ActivityScenario: Activity lifecycle changed event received but ignored because the intent does not match. startActivityIntent=Intent { act=android.intent.action.MAIN cat=[android.intent.category.LAUNCHER] cmp=com.example.lunchtray/.MainActivity }, activity.getIntent()=Intent { act=android.intent.action.MAIN cat=[android.intent.category.LAUNCHER] flg=0x10008000 cmp=com.example.lunchtray/androidx.test.core.app.InstrumentationActivityInvoker$BootstrapActivity (has extras) }, activity=androidx.test.core.app.InstrumentationActivityInvoker$BootstrapActivity@bee2722
07-18 17:11:53.604  7168  7168 V ActivityScenario: Activity lifecycle changed event received but ignored because the intent does not match. startActivityIntent=Intent { act=android.intent.action.MAIN cat=[android.intent.category.LAUNCHER] cmp=com.example.lunchtray/.MainActivity }, activity.getIntent()=Intent { act=android.intent.action.MAIN cat=[android.intent.category.LAUNCHER] flg=0x10008000 cmp=com.example.lunchtray/androidx.test.core.app.InstrumentationActivityInvoker$BootstrapActivity (has extras) }, activity=androidx.test.core.app.InstrumentationActivityInvoker$BootstrapActivity@bee2722
07-18 17:11:53.617  7168  7168 V ActivityScenario: Activity lifecycle changed event received but ignored because the intent does not match. startActivityIntent=Intent { act=android.intent.action.MAIN cat=[android.intent.category.LAUNCHER] cmp=com.example.lunchtray/.MainActivity }, activity.getIntent()=Intent { act=android.intent.action.MAIN cat=[android.intent.category.LAUNCHER] flg=0x10008000 cmp=com.example.lunchtray/androidx.test.core.app.InstrumentationActivityInvoker$BootstrapActivity (has extras) }, activity=androidx.test.core.app.InstrumentationActivityInvoker$BootstrapActivity@bee2722
07-18 17:11:53.647   333   377 D goldfish-address-space: claimShared: Ask to claim region [0x3fe708000 0x3fe76e000]
07-18 17:11:53.661  7168  7168 D LifecycleMonitor: Lifecycle status change: androidx.test.core.app.InstrumentationActivityInvoker$BootstrapActivity@bee2722 in: CREATED
07-18 17:11:53.661  7168  7168 V ActivityScenario: Activity lifecycle changed event received but ignored because the intent does not match. startActivityIntent=Intent { act=android.intent.action.MAIN cat=[android.intent.category.LAUNCHER] cmp=com.example.lunchtray/androidx.fragment.app.testing.FragmentScenario$EmptyFragmentActivity (has extras) }, activity.getIntent()=Intent { act=android.intent.action.MAIN cat=[android.intent.category.LAUNCHER] flg=0x10008000 cmp=com.example.lunchtray/androidx.test.core.app.InstrumentationActivityInvoker$BootstrapActivity (has extras) }, activity=androidx.test.core.app.InstrumentationActivityInvoker$BootstrapActivity@bee2722
07-18 17:11:53.661  7168  7168 V ActivityScenario: Activity lifecycle changed event received but ignored because the intent does not match. startActivityIntent=Intent { act=android.intent.action.MAIN cat=[android.intent.category.LAUNCHER] cmp=com.example.lunchtray/.MainActivity }, activity.getIntent()=Intent { act=android.intent.action.MAIN cat=[android.intent.category.LAUNCHER] flg=0x10008000 cmp=com.example.lunchtray/androidx.test.core.app.InstrumentationActivityInvoker$BootstrapActivity (has extras) }, activity=androidx.test.core.app.InstrumentationActivityInvoker$BootstrapActivity@bee2722
07-18 17:11:53.661  7168  7168 V ActivityScenario: Activity lifecycle changed event received but ignored because the intent does not match. startActivityIntent=Intent { act=android.intent.action.MAIN cat=[android.intent.category.LAUNCHER] cmp=com.example.lunchtray/.MainActivity }, activity.getIntent()=Intent { act=android.intent.action.MAIN cat=[android.intent.category.LAUNCHER] flg=0x10008000 cmp=com.example.lunchtray/androidx.test.core.app.InstrumentationActivityInvoker$BootstrapActivity (has extras) }, activity=androidx.test.core.app.InstrumentationActivityInvoker$BootstrapActivity@bee2722
07-18 17:11:53.670  7168  7168 V ActivityScenario: Activity lifecycle changed event received but ignored because the intent does not match. startActivityIntent=Intent { act=android.intent.action.MAIN cat=[android.intent.category.LAUNCHER] cmp=com.example.lunchtray/.MainActivity }, activity.getIntent()=Intent { act=android.intent.action.MAIN cat=[android.intent.category.LAUNCHER] flg=0x10008000 cmp=com.example.lunchtray/androidx.test.core.app.InstrumentationActivityInvoker$BootstrapActivity (has extras) }, activity=androidx.test.core.app.InstrumentationActivityInvoker$BootstrapActivity@bee2722
07-18 17:11:53.671  7168  7168 V ActivityScenario: Activity lifecycle changed event received but ignored because the intent does not match. startActivityIntent=Intent { act=android.intent.action.MAIN cat=[android.intent.category.LAUNCHER] cmp=com.example.lunchtray/.MainActivity }, activity.getIntent()=Intent { act=android.intent.action.MAIN cat=[android.intent.category.LAUNCHER] flg=0x10008000 cmp=com.example.lunchtray/androidx.test.core.app.InstrumentationActivityInvoker$BootstrapActivity (has extras) }, activity=androidx.test.core.app.InstrumentationActivityInvoker$BootstrapActivity@bee2722
07-18 17:11:53.686  7168  7168 D LifecycleMonitor: Lifecycle status change: androidx.test.core.app.InstrumentationActivityInvoker$BootstrapActivity@bee2722 in: STARTED
07-18 17:11:53.686  7168  7168 V ActivityScenario: Activity lifecycle changed event received but ignored because the intent does not match. startActivityIntent=Intent { act=android.intent.action.MAIN cat=[android.intent.category.LAUNCHER] cmp=com.example.lunchtray/androidx.fragment.app.testing.FragmentScenario$EmptyFragmentActivity (has extras) }, activity.getIntent()=Intent { act=android.intent.action.MAIN cat=[android.intent.category.LAUNCHER] flg=0x10008000 cmp=com.example.lunchtray/androidx.test.core.app.InstrumentationActivityInvoker$BootstrapActivity (has extras) }, activity=androidx.test.core.app.InstrumentationActivityInvoker$BootstrapActivity@bee2722
07-18 17:11:53.686  7168  7168 V ActivityScenario: Activity lifecycle changed event received but ignored because the intent does not match. startActivityIntent=Intent { act=android.intent.action.MAIN cat=[android.intent.category.LAUNCHER] cmp=com.example.lunchtray/.MainActivity }, activity.getIntent()=Intent { act=android.intent.action.MAIN cat=[android.intent.category.LAUNCHER] flg=0x10008000 cmp=com.example.lunchtray/androidx.test.core.app.InstrumentationActivityInvoker$BootstrapActivity (has extras) }, activity=androidx.test.core.app.InstrumentationActivityInvoker$BootstrapActivity@bee2722
07-18 17:11:53.686  7168  7168 V ActivityScenario: Activity lifecycle changed event received but ignored because the intent does not match. startActivityIntent=Intent { act=android.intent.action.MAIN cat=[android.intent.category.LAUNCHER] cmp=com.example.lunchtray/.MainActivity }, activity.getIntent()=Intent { act=android.intent.action.MAIN cat=[android.intent.category.LAUNCHER] flg=0x10008000 cmp=com.example.lunchtray/androidx.test.core.app.InstrumentationActivityInvoker$BootstrapActivity (has extras) }, activity=androidx.test.core.app.InstrumentationActivityInvoker$BootstrapActivity@bee2722
07-18 17:11:53.686  7168  7168 V ActivityScenario: Activity lifecycle changed event received but ignored because the intent does not match. startActivityIntent=Intent { act=android.intent.action.MAIN cat=[android.intent.category.LAUNCHER] cmp=com.example.lunchtray/.MainActivity }, activity.getIntent()=Intent { act=android.intent.action.MAIN cat=[android.intent.category.LAUNCHER] flg=0x10008000 cmp=com.example.lunchtray/androidx.test.core.app.InstrumentationActivityInvoker$BootstrapActivity (has extras) }, activity=androidx.test.core.app.InstrumentationActivityInvoker$BootstrapActivity@bee2722
07-18 17:11:53.687  7168  7168 V ActivityScenario: Activity lifecycle changed event received but ignored because the intent does not match. startActivityIntent=Intent { act=android.intent.action.MAIN cat=[android.intent.category.LAUNCHER] cmp=com.example.lunchtray/.MainActivity }, activity.getIntent()=Intent { act=android.intent.action.MAIN cat=[android.intent.category.LAUNCHER] flg=0x10008000 cmp=com.example.lunchtray/androidx.test.core.app.InstrumentationActivityInvoker$BootstrapActivity (has extras) }, activity=androidx.test.core.app.InstrumentationActivityInvoker$BootstrapActivity@bee2722
07-18 17:11:53.692   333   377 D goldfish-address-space: claimShared: Ask to claim region [0x3fe76e000 0x3fe7d4000]
07-18 17:11:53.781  7168  7168 D LifecycleMonitor: Lifecycle status change: androidx.test.core.app.InstrumentationActivityInvoker$BootstrapActivity@bee2722 in: RESUMED
07-18 17:11:53.783  7168  7168 V ActivityScenario: Activity lifecycle changed event received but ignored because the intent does not match. startActivityIntent=Intent { act=android.intent.action.MAIN cat=[android.intent.category.LAUNCHER] cmp=com.example.lunchtray/androidx.fragment.app.testing.FragmentScenario$EmptyFragmentActivity (has extras) }, activity.getIntent()=Intent { act=android.intent.action.MAIN cat=[android.intent.category.LAUNCHER] flg=0x10008000 cmp=com.example.lunchtray/androidx.test.core.app.InstrumentationActivityInvoker$BootstrapActivity (has extras) }, activity=androidx.test.core.app.InstrumentationActivityInvoker$BootstrapActivity@bee2722
07-18 17:11:53.783  7168  7168 V ActivityScenario: Activity lifecycle changed event received but ignored because the intent does not match. startActivityIntent=Intent { act=android.intent.action.MAIN cat=[android.intent.category.LAUNCHER] cmp=com.example.lunchtray/.MainActivity }, activity.getIntent()=Intent { act=android.intent.action.MAIN cat=[android.intent.category.LAUNCHER] flg=0x10008000 cmp=com.example.lunchtray/androidx.test.core.app.InstrumentationActivityInvoker$BootstrapActivity (has extras) }, activity=androidx.test.core.app.InstrumentationActivityInvoker$BootstrapActivity@bee2722
07-18 17:11:53.784  7168  7168 V ActivityScenario: Activity lifecycle changed event received but ignored because the intent does not match. startActivityIntent=Intent { act=android.intent.action.MAIN cat=[android.intent.category.LAUNCHER] cmp=com.example.lunchtray/.MainActivity }, activity.getIntent()=Intent { act=android.intent.action.MAIN cat=[android.intent.category.LAUNCHER] flg=0x10008000 cmp=com.example.lunchtray/androidx.test.core.app.InstrumentationActivityInvoker$BootstrapActivity (has extras) }, activity=androidx.test.core.app.InstrumentationActivityInvoker$BootstrapActivity@bee2722
07-18 17:11:53.784  7168  7168 V ActivityScenario: Activity lifecycle changed event received but ignored because the intent does not match. startActivityIntent=Intent { act=android.intent.action.MAIN cat=[android.intent.category.LAUNCHER] cmp=com.example.lunchtray/.MainActivity }, activity.getIntent()=Intent { act=android.intent.action.MAIN cat=[android.intent.category.LAUNCHER] flg=0x10008000 cmp=com.example.lunchtray/androidx.test.core.app.InstrumentationActivityInvoker$BootstrapActivity (has extras) }, activity=androidx.test.core.app.InstrumentationActivityInvoker$BootstrapActivity@bee2722
07-18 17:11:53.784  7168  7168 V ActivityScenario: Activity lifecycle changed event received but ignored because the intent does not match. startActivityIntent=Intent { act=android.intent.action.MAIN cat=[android.intent.category.LAUNCHER] cmp=com.example.lunchtray/.MainActivity }, activity.getIntent()=Intent { act=android.intent.action.MAIN cat=[android.intent.category.LAUNCHER] flg=0x10008000 cmp=com.example.lunchtray/androidx.test.core.app.InstrumentationActivityInvoker$BootstrapActivity (has extras) }, activity=androidx.test.core.app.InstrumentationActivityInvoker$BootstrapActivity@bee2722
07-18 17:11:53.839  7168  7168 D LifecycleMonitor: Lifecycle status change: androidx.test.core.app.InstrumentationActivityInvoker$BootstrapActivity@bee2722 in: PAUSED
07-18 17:11:53.842  7168  7168 V ActivityScenario: Activity lifecycle changed event received but ignored because the intent does not match. startActivityIntent=Intent { act=android.intent.action.MAIN cat=[android.intent.category.LAUNCHER] cmp=com.example.lunchtray/androidx.fragment.app.testing.FragmentScenario$EmptyFragmentActivity (has extras) }, activity.getIntent()=Intent { act=android.intent.action.MAIN cat=[android.intent.category.LAUNCHER] flg=0x10008000 cmp=com.example.lunchtray/androidx.test.core.app.InstrumentationActivityInvoker$BootstrapActivity (has extras) }, activity=androidx.test.core.app.InstrumentationActivityInvoker$BootstrapActivity@bee2722
07-18 17:11:53.854  7168  7168 V ActivityScenario: Activity lifecycle changed event received but ignored because the intent does not match. startActivityIntent=Intent { act=android.intent.action.MAIN cat=[android.intent.category.LAUNCHER] cmp=com.example.lunchtray/.MainActivity }, activity.getIntent()=Intent { act=android.intent.action.MAIN cat=[android.intent.category.LAUNCHER] flg=0x10008000 cmp=com.example.lunchtray/androidx.test.core.app.InstrumentationActivityInvoker$BootstrapActivity (has extras) }, activity=androidx.test.core.app.InstrumentationActivityInvoker$BootstrapActivity@bee2722
07-18 17:11:53.854  7168  7168 V ActivityScenario: Activity lifecycle changed event received but ignored because the intent does not match. startActivityIntent=Intent { act=android.intent.action.MAIN cat=[android.intent.category.LAUNCHER] cmp=com.example.lunchtray/.MainActivity }, activity.getIntent()=Intent { act=android.intent.action.MAIN cat=[android.intent.category.LAUNCHER] flg=0x10008000 cmp=com.example.lunchtray/androidx.test.core.app.InstrumentationActivityInvoker$BootstrapActivity (has extras) }, activity=androidx.test.core.app.InstrumentationActivityInvoker$BootstrapActivity@bee2722
07-18 17:11:53.854  7168  7168 V ActivityScenario: Activity lifecycle changed event received but ignored because the intent does not match. startActivityIntent=Intent { act=android.intent.action.MAIN cat=[android.intent.category.LAUNCHER] cmp=com.example.lunchtray/.MainActivity }, activity.getIntent()=Intent { act=android.intent.action.MAIN cat=[android.intent.category.LAUNCHER] flg=0x10008000 cmp=com.example.lunchtray/androidx.test.core.app.InstrumentationActivityInvoker$BootstrapActivity (has extras) }, activity=androidx.test.core.app.InstrumentationActivityInvoker$BootstrapActivity@bee2722
07-18 17:11:53.854  7168  7168 V ActivityScenario: Activity lifecycle changed event received but ignored because the intent does not match. startActivityIntent=Intent { act=android.intent.action.MAIN cat=[android.intent.category.LAUNCHER] cmp=com.example.lunchtray/.MainActivity }, activity.getIntent()=Intent { act=android.intent.action.MAIN cat=[android.intent.category.LAUNCHER] flg=0x10008000 cmp=com.example.lunchtray/androidx.test.core.app.InstrumentationActivityInvoker$BootstrapActivity (has extras) }, activity=androidx.test.core.app.InstrumentationActivityInvoker$BootstrapActivity@bee2722
07-18 17:11:53.892  7168  7168 D LifecycleMonitor: Lifecycle status change: com.example.lunchtray.MainActivity@3f1a82b in: PRE_ON_CREATE
07-18 17:11:53.893  7168  7168 V ActivityScenario: Activity lifecycle changed event received but ignored because the intent does not match. startActivityIntent=Intent { act=android.intent.action.MAIN cat=[android.intent.category.LAUNCHER] cmp=com.example.lunchtray/androidx.fragment.app.testing.FragmentScenario$EmptyFragmentActivity (has extras) }, activity.getIntent()=Intent { act=android.intent.action.MAIN cat=[android.intent.category.LAUNCHER] cmp=com.example.lunchtray/.MainActivity }, activity=com.example.lunchtray.MainActivity@3f1a82b
07-18 17:11:53.893  7168  7168 V ActivityScenario: Activity lifecycle changed event received but ignored because the reported transition was not ON_CREATE while the last known transition was DESTROYED
07-18 17:11:53.893  7168  7168 V ActivityScenario: Activity lifecycle changed event received but ignored because the reported transition was not ON_CREATE while the last known transition was DESTROYED
07-18 17:11:53.893  7168  7168 V ActivityScenario: Activity lifecycle changed event received but ignored because the reported transition was not ON_CREATE while the last known transition was DESTROYED
07-18 17:11:53.893  7168  7168 V ActivityScenario: Activity lifecycle changed event received but ignored because the reported transition was not ON_CREATE while the last known transition was PRE_ON_CREATE
07-18 17:11:54.091  1951  1951 I A       : onApplyWindowInsets: systemWindowInsets=Insets{left=0, top=18, right=0, bottom=0}
07-18 17:11:54.093  1951  1951 I A       : onApplyWindowInsets: systemWindowInsets=Insets{left=0, top=18, right=0, bottom=0}
07-18 17:11:54.101  7168  7168 D LifecycleMonitor: Lifecycle status change: com.example.lunchtray.MainActivity@3f1a82b in: CREATED
07-18 17:11:54.102  7168  7168 V ActivityScenario: Activity lifecycle changed event received but ignored because the intent does not match. startActivityIntent=Intent { act=android.intent.action.MAIN cat=[android.intent.category.LAUNCHER] cmp=com.example.lunchtray/androidx.fragment.app.testing.FragmentScenario$EmptyFragmentActivity (has extras) }, activity.getIntent()=Intent { act=android.intent.action.MAIN cat=[android.intent.category.LAUNCHER] cmp=com.example.lunchtray/.MainActivity }, activity=com.example.lunchtray.MainActivity@3f1a82b
07-18 17:11:54.103  7168  7168 V ActivityScenario: Update currentActivityStage to CREATED, currentActivity=com.example.lunchtray.MainActivity@3f1a82b
07-18 17:11:54.107  7168  7168 V ActivityScenario: Update currentActivityStage to CREATED, currentActivity=com.example.lunchtray.MainActivity@3f1a82b
07-18 17:11:54.107  7168  7168 V ActivityScenario: Update currentActivityStage to CREATED, currentActivity=com.example.lunchtray.MainActivity@3f1a82b
07-18 17:11:54.108  7168  7168 V ActivityScenario: Update currentActivityStage to CREATED, currentActivity=com.example.lunchtray.MainActivity@3f1a82b
07-18 17:11:54.135  7168  7168 D LifecycleMonitor: Lifecycle status change: com.example.lunchtray.MainActivity@3f1a82b in: STARTED
07-18 17:11:54.139  7168  7168 V ActivityScenario: Activity lifecycle changed event received but ignored because the intent does not match. startActivityIntent=Intent { act=android.intent.action.MAIN cat=[android.intent.category.LAUNCHER] cmp=com.example.lunchtray/androidx.fragment.app.testing.FragmentScenario$EmptyFragmentActivity (has extras) }, activity.getIntent()=Intent { act=android.intent.action.MAIN cat=[android.intent.category.LAUNCHER] cmp=com.example.lunchtray/.MainActivity }, activity=com.example.lunchtray.MainActivity@3f1a82b
07-18 17:11:54.140  7168  7168 V ActivityScenario: Update currentActivityStage to STARTED, currentActivity=com.example.lunchtray.MainActivity@3f1a82b
07-18 17:11:54.142  7168  7168 V ActivityScenario: Update currentActivityStage to STARTED, currentActivity=com.example.lunchtray.MainActivity@3f1a82b
07-18 17:11:54.143  7168  7168 V ActivityScenario: Update currentActivityStage to STARTED, currentActivity=com.example.lunchtray.MainActivity@3f1a82b
07-18 17:11:54.143  7168  7168 V ActivityScenario: Update currentActivityStage to STARTED, currentActivity=com.example.lunchtray.MainActivity@3f1a82b
07-18 17:11:54.146  7168  7168 D LifecycleMonitor: Lifecycle status change: com.example.lunchtray.MainActivity@3f1a82b in: RESUMED
07-18 17:11:54.147  7168  7168 V ActivityScenario: Activity lifecycle changed event received but ignored because the intent does not match. startActivityIntent=Intent { act=android.intent.action.MAIN cat=[android.intent.category.LAUNCHER] cmp=com.example.lunchtray/androidx.fragment.app.testing.FragmentScenario$EmptyFragmentActivity (has extras) }, activity.getIntent()=Intent { act=android.intent.action.MAIN cat=[android.intent.category.LAUNCHER] cmp=com.example.lunchtray/.MainActivity }, activity=com.example.lunchtray.MainActivity@3f1a82b
07-18 17:11:54.148  7168  7168 V ActivityScenario: Update currentActivityStage to RESUMED, currentActivity=com.example.lunchtray.MainActivity@3f1a82b
07-18 17:11:54.149  7168  7168 V ActivityScenario: Update currentActivityStage to RESUMED, currentActivity=com.example.lunchtray.MainActivity@3f1a82b
07-18 17:11:54.150  7168  7168 V ActivityScenario: Update currentActivityStage to RESUMED, currentActivity=com.example.lunchtray.MainActivity@3f1a82b
07-18 17:11:54.150  7168  7168 V ActivityScenario: Update currentActivityStage to RESUMED, currentActivity=com.example.lunchtray.MainActivity@3f1a82b
07-18 17:11:54.203   333   377 D goldfish-address-space: claimShared: Ask to claim region [0x3fe50a000 0x3fe570000]
07-18 17:11:54.216   333   377 D goldfish-address-space: claimShared: Ask to claim region [0x3fe7d4000 0x3fe83a000]
07-18 17:11:54.217   333   377 D goldfish-address-space: claimShared: Ask to claim region [0x3fe83a000 0x3fe8a0000]
07-18 17:11:54.250   552   579 I ActivityTaskManager: Displayed com.example.lunchtray/.MainActivity: +783ms
07-18 17:11:54.331  5626  5626 I GoogleInputMethodService: GoogleInputMethodService.onFinishInput():3420
07-18 17:11:54.332  5626  5626 I GoogleInputMethodService: GoogleInputMethodService.onStartInput():2002
07-18 17:11:54.334  5626  5626 I DeviceUnlockedTag: DeviceUnlockedTag.notifyDeviceLockStatusChanged():31 Notify device unlocked.
07-18 17:11:54.402  7168  7168 I ViewInteraction: Performing 'single click' action on view view.getId() is <2131231208/com.example.lunchtray:id/start_order_btn>
07-18 17:11:54.524  7168  7168 D LifecycleMonitor: Lifecycle status change: androidx.test.core.app.InstrumentationActivityInvoker$BootstrapActivity@bee2722 in: STOPPED
07-18 17:11:54.529  7168  7168 V ActivityScenario: Activity lifecycle changed event received but ignored because the intent does not match. startActivityIntent=Intent { act=android.intent.action.MAIN cat=[android.intent.category.LAUNCHER] cmp=com.example.lunchtray/androidx.fragment.app.testing.FragmentScenario$EmptyFragmentActivity (has extras) }, activity.getIntent()=Intent { act=android.intent.action.MAIN cat=[android.intent.category.LAUNCHER] flg=0x10008000 cmp=com.example.lunchtray/androidx.test.core.app.InstrumentationActivityInvoker$BootstrapActivity (has extras) }, activity=androidx.test.core.app.InstrumentationActivityInvoker$BootstrapActivity@bee2722
07-18 17:11:54.530  7168  7168 V ActivityScenario: Activity lifecycle changed event received but ignored because the intent does not match. startActivityIntent=Intent { act=android.intent.action.MAIN cat=[android.intent.category.LAUNCHER] cmp=com.example.lunchtray/.MainActivity }, activity.getIntent()=Intent { act=android.intent.action.MAIN cat=[android.intent.category.LAUNCHER] flg=0x10008000 cmp=com.example.lunchtray/androidx.test.core.app.InstrumentationActivityInvoker$BootstrapActivity (has extras) }, activity=androidx.test.core.app.InstrumentationActivityInvoker$BootstrapActivity@bee2722
07-18 17:11:54.533  7168  7168 V ActivityScenario: Activity lifecycle changed event received but ignored because the intent does not match. startActivityIntent=Intent { act=android.intent.action.MAIN cat=[android.intent.category.LAUNCHER] cmp=com.example.lunchtray/.MainActivity }, activity.getIntent()=Intent { act=android.intent.action.MAIN cat=[android.intent.category.LAUNCHER] flg=0x10008000 cmp=com.example.lunchtray/androidx.test.core.app.InstrumentationActivityInvoker$BootstrapActivity (has extras) }, activity=androidx.test.core.app.InstrumentationActivityInvoker$BootstrapActivity@bee2722
07-18 17:11:54.534  7168  7168 V ActivityScenario: Activity lifecycle changed event received but ignored because the intent does not match. startActivityIntent=Intent { act=android.intent.action.MAIN cat=[android.intent.category.LAUNCHER] cmp=com.example.lunchtray/.MainActivity }, activity.getIntent()=Intent { act=android.intent.action.MAIN cat=[android.intent.category.LAUNCHER] flg=0x10008000 cmp=com.example.lunchtray/androidx.test.core.app.InstrumentationActivityInvoker$BootstrapActivity (has extras) }, activity=androidx.test.core.app.InstrumentationActivityInvoker$BootstrapActivity@bee2722
07-18 17:11:54.535  7168  7168 V ActivityScenario: Activity lifecycle changed event received but ignored because the intent does not match. startActivityIntent=Intent { act=android.intent.action.MAIN cat=[android.intent.category.LAUNCHER] cmp=com.example.lunchtray/.MainActivity }, activity.getIntent()=Intent { act=android.intent.action.MAIN cat=[android.intent.category.LAUNCHER] flg=0x10008000 cmp=com.example.lunchtray/androidx.test.core.app.InstrumentationActivityInvoker$BootstrapActivity (has extras) }, activity=androidx.test.core.app.InstrumentationActivityInvoker$BootstrapActivity@bee2722
07-18 17:11:54.649   552  2436 W InputManager-JNI: Input channel object '6d87ad6 Splash Screen com.example.lunchtray (client)' was disposed without first being removed with the input manager!
07-18 17:11:55.243  7168  7168 I ViewInteraction: Performing 'single click' action on view view.getId() is <2131230844/com.example.lunchtray:id/cauliflower>
07-18 17:11:55.330  7168  7193 D EGL_emulation: app_time_stats: avg=28.19ms min=5.85ms max=180.00ms count=34
07-18 17:11:55.335  7168  7168 D SetEntree: entree value es not null MenuItem(name=Cauliflower, description=Whole cauliflower, brined, roasted, and deep fried, price=7.0, type=1)
07-18 17:11:55.335  7168  7168 D SetEntree: previous entree price  7.0
07-18 17:11:55.335  7168  7168 D SetEntree: Se agrego el valor a entree MenuItem(name=Cauliflower, description=Whole cauliflower, brined, roasted, and deep fried, price=7.0, type=1)
07-18 17:11:55.336  7168  7168 D ViewModel: Start function update subtotal and this is the value ---> 7.0
07-18 17:11:55.337  7168  7168 D ViewModel: value of subtotal ---> 0.0
07-18 17:11:55.366  7168  7168 D ViewModel: Add the value at subtotal
07-18 17:11:55.366  7168  7168 D TAX     : Inicia el calculo del tax
07-18 17:11:55.366  7168  7168 D TAX     : Valor de tax 0.56
07-18 17:11:55.366  7168  7168 D TAX     : Valor de total value 7.5600000000000005
07-18 17:11:55.668  7168  7168 I ViewInteraction: Performing 'single click' action on view view.getId() is <2131230842/com.example.lunchtray:id/cancel_button>
07-18 17:11:55.684  7168  7191 E TestRunner: failed: order_reset_after_cancel_from_entree_menu(com.example.lunchtray.OrderFunctionalityTests)
07-18 17:11:55.684  7168  7191 E TestRunner: ----- begin exception -----
07-18 17:11:55.688  7168  7191 E TestRunner: androidx.test.espresso.PerformException: Error performing 'single click' on view 'Animations or transitions are enabled on the target device.
07-18 17:11:55.688  7168  7191 E TestRunner: For more info check: https://developer.android.com/training/testing/espresso/setup#set-up-environment
07-18 17:11:55.688  7168  7191 E TestRunner:
07-18 17:11:55.688  7168  7191 E TestRunner: view.getId() is <2131230842/com.example.lunchtray:id/cancel_button>'.
07-18 17:11:55.688  7168  7191 E TestRunner: 	at androidx.test.espresso.PerformException$Builder.build(PerformException.java:1)
07-18 17:11:55.688  7168  7191 E TestRunner: 	at androidx.test.espresso.base.DefaultFailureHandler.getUserFriendlyError(DefaultFailureHandler.java:9)
07-18 17:11:55.688  7168  7191 E TestRunner: 	at androidx.test.espresso.base.DefaultFailureHandler.handle(DefaultFailureHandler.java:7)
07-18 17:11:55.688  7168  7191 E TestRunner: 	at androidx.test.espresso.ViewInteraction.waitForAndHandleInteractionResults(ViewInteraction.java:8)
07-18 17:11:55.688  7168  7191 E TestRunner: 	at androidx.test.espresso.ViewInteraction.desugaredPerform(ViewInteraction.java:11)
07-18 17:11:55.688  7168  7191 E TestRunner: 	at androidx.test.espresso.ViewInteraction.perform(ViewInteraction.java:4)
07-18 17:11:55.688  7168  7191 E TestRunner: 	at com.example.lunchtray.OrderFunctionalityTests.order_reset_after_cancel_from_entree_menu(OrderFunctionalityTests.kt:194)
07-18 17:11:55.688  7168  7191 E TestRunner: 	at java.lang.reflect.Method.invoke(Native Method)
07-18 17:11:55.688  7168  7191 E TestRunner: 	at org.junit.runners.model.FrameworkMethod$1.runReflectiveCall(FrameworkMethod.java:50)
07-18 17:11:55.688  7168  7191 E TestRunner: 	at org.junit.internal.runners.model.ReflectiveCallable.run(ReflectiveCallable.java:12)
07-18 17:11:55.688  7168  7191 E TestRunner: 	at org.junit.runners.model.FrameworkMethod.invokeExplosively(FrameworkMethod.java:47)
07-18 17:11:55.688  7168  7191 E TestRunner: 	at org.junit.internal.runners.statements.InvokeMethod.evaluate(InvokeMethod.java:17)
07-18 17:11:55.688  7168  7191 E TestRunner: 	at org.junit.runners.ParentRunner.runLeaf(ParentRunner.java:325)
07-18 17:11:55.688  7168  7191 E TestRunner: 	at org.junit.runners.BlockJUnit4ClassRunner.runChild(BlockJUnit4ClassRunner.java:78)
07-18 17:11:55.688  7168  7191 E TestRunner: 	at org.junit.runners.BlockJUnit4ClassRunner.runChild(BlockJUnit4ClassRunner.java:57)
07-18 17:11:55.688  7168  7191 E TestRunner: 	at org.junit.runners.ParentRunner$3.run(ParentRunner.java:290)
07-18 17:11:55.688  7168  7191 E TestRunner: 	at org.junit.runners.ParentRunner$1.schedule(ParentRunner.java:71)
07-18 17:11:55.688  7168  7191 E TestRunner: 	at org.junit.runners.ParentRunner.runChildren(ParentRunner.java:288)
07-18 17:11:55.688  7168  7191 E TestRunner: 	at org.junit.runners.ParentRunner.access$000(ParentRunner.java:58)
07-18 17:11:55.688  7168  7191 E TestRunner: 	at org.junit.runners.ParentRunner$2.evaluate(ParentRunner.java:268)
07-18 17:11:55.688  7168  7191 E TestRunner: 	at org.junit.runners.ParentRunner.run(ParentRunner.java:363)
07-18 17:11:55.688  7168  7191 E TestRunner: 	at androidx.test.ext.junit.runners.AndroidJUnit4.run(AndroidJUnit4.java:162)
07-18 17:11:55.688  7168  7191 E TestRunner: 	at org.junit.runners.Suite.runChild(Suite.java:128)
07-18 17:11:55.688  7168  7191 E TestRunner: 	at org.junit.runners.Suite.runChild(Suite.java:27)
07-18 17:11:55.688  7168  7191 E TestRunner: 	at org.junit.runners.ParentRunner$3.run(ParentRunner.java:290)
07-18 17:11:55.688  7168  7191 E TestRunner: 	at org.junit.runners.ParentRunner$1.schedule(ParentRunner.java:71)
07-18 17:11:55.688  7168  7191 E TestRunner: 	at org.junit.runners.ParentRunner.runChildren(ParentRunner.java:288)
07-18 17:11:55.688  7168  7191 E TestRunner: 	at org.junit.runners.ParentRunner.access$000(ParentRunner.java:58)
07-18 17:11:55.688  7168  7191 E TestRunner: 	at org.junit.runners.ParentRunner$2.evaluate(ParentRunner.java:268)
07-18 17:11:55.688  7168  7191 E TestRunner: 	at org.junit.runners.ParentRunner.run(ParentRunner.java:363)
07-18 17:11:55.688  7168  7191 E TestRunner: 	at org.junit.runner.JUnitCore.run(JUnitCore.java:137)
07-18 17:11:55.688  7168  7191 E TestRunner: 	at org.junit.runner.JUnitCore.run(JUnitCore.java:115)
07-18 17:11:55.688  7168  7191 E TestRunner: 	at androidx.test.internal.runner.TestExecutor.execute(TestExecutor.java:56)
07-18 17:11:55.688  7168  7191 E TestRunner: 	at androidx.test.runner.AndroidJUnitRunner.onStart(AndroidJUnitRunner.java:444)
07-18 17:11:55.688  7168  7191 E TestRunner: 	at android.app.Instrumentation$InstrumentationThread.run(Instrumentation.java:2248)
07-18 17:11:55.688  7168  7191 E TestRunner: Caused by: java.lang.RuntimeException: Action will not be performed because the target view does not match one or more of the following constraints:
07-18 17:11:55.688  7168  7191 E TestRunner: (view has effective visibility <VISIBLE> and view.getGlobalVisibleRect() covers at least <90> percent of the view's area)
07-18 17:11:55.688  7168  7191 E TestRunner: Target view: "MaterialButton{id=2131230842, res-name=cancel_button, visibility=VISIBLE, width=102, height=36, has-focus=false, has-focusable=true, has-window-focus=true, is-clickable=true, is-enabled=true, is-focused=false, is-focusable=true, is-layout-requested=false, is-selected=false, layout-params=androidx.constraintlayout.widget.ConstraintLayout$LayoutParams@a159241, tag=null, root-is-layout-requested=false, has-input-connection=false, x=12.0, y=437.0, text=Cancel, input-type=0, ime-target=false, has-links=false, is-checked=false}"
07-18 17:11:55.688  7168  7191 E TestRunner: 	at androidx.test.espresso.ViewInteraction.doPerform(ViewInteraction.java:20)
07-18 17:11:55.688  7168  7191 E TestRunner: 	at androidx.test.espresso.ViewInteraction.access$100(ViewInteraction.java:1)
07-18 17:11:55.688  7168  7191 E TestRunner: 	at androidx.test.espresso.ViewInteraction$1.call(ViewInteraction.java:2)
07-18 17:11:55.699  7168  7191 E TestRunner: 	at androidx.test.espresso.ViewInteraction$1.call(ViewInteraction.java:1)
07-18 17:11:55.699  7168  7191 E TestRunner: 	at java.util.concurrent.FutureTask.run(FutureTask.java:266)
07-18 17:11:55.699  7168  7191 E TestRunner: 	at android.os.Handler.handleCallback(Handler.java:938)
07-18 17:11:55.699  7168  7191 E TestRunner: 	at android.os.Handler.dispatchMessage(Handler.java:99)
07-18 17:11:55.699  7168  7191 E TestRunner: 	at android.os.Looper.loopOnce(Looper.java:201)
07-18 17:11:55.699  7168  7191 E TestRunner: 	at android.os.Looper.loop(Looper.java:288)
07-18 17:11:55.699  7168  7191 E TestRunner: 	at android.app.ActivityThread.main(ActivityThread.java:7839)
07-18 17:11:55.699  7168  7191 E TestRunner: 	at java.lang.reflect.Method.invoke(Native Method)
07-18 17:11:55.699  7168  7191 E TestRunner: 	at com.android.internal.os.RuntimeInit$MethodAndArgsCaller.run(RuntimeInit.java:548)
07-18 17:11:55.699  7168  7191 E TestRunner: 	at com.android.internal.os.ZygoteInit.main(ZygoteInit.java:1003)
07-18 17:11:55.699  7168  7191 E TestRunner: ----- end exception -----
07-18 17:11:55.708  7168  7191 I TestRunner: finished: order_reset_after_cancel_from_entree_menu(com.example.lunchtray.OrderFunctionalityTests)
