07-18 17:11:35.339  7168  7191 I TestRunner: started: radio_buttons_update_side_menu_subtotal(com.example.lunchtray.OrderFunctionalityTests)
07-18 17:11:35.356  7168  7191 W Settings: Setting always_finish_activities has moved from android.provider.Settings.System to android.provider.Settings.Global, returning read-only value.
07-18 17:11:35.367  7168  7191 D CompatibilityChangeReporter: Compat change id reported: 160794467; UID 10147; state: ENABLED
07-18 17:11:35.450   767   887 D SplashScreenView: Build android.window.SplashScreenView{71c1d6 V.E...... ......ID 0,0-0,0}
07-18 17:11:35.450   767   887 D SplashScreenView: Icon: view: null drawable: null size: 0
07-18 17:11:35.450   767   887 D SplashScreenView: Branding: view: android.view.View{b02ec57 G.ED..... ......I. 0,0-0,0 #10204a6 android:id/splashscreen_branding_view} drawable: null size w: 0 h: 0
07-18 17:11:35.642  7168  7194 D libEGL  : loaded /vendor/lib64/egl/libEGL_emulation.so
07-18 17:11:35.651  7168  7194 D libEGL  : loaded /vendor/lib64/egl/libGLESv1_CM_emulation.so
07-18 17:11:35.667  7168  7194 D libEGL  : loaded /vendor/lib64/egl/libGLESv2_emulation.so
07-18 17:11:35.686   333   377 D goldfish-address-space: claimShared: Ask to claim region [0x3fff7c000 0x3fffe2000]
07-18 17:11:35.706  1709  1709 I GsaVoiceInteractionSrv: Handling ACTION_STOP_HOTWORD
07-18 17:11:35.707  1709  1709 E HwDetectorWithState: a: 3
07-18 17:11:35.724   333   377 D goldfish-address-space: claimShared: Ask to claim region [0x3ffd6b000 0x3ffdd1000]
07-18 17:11:35.743  7168  7168 D LifecycleMonitor: Lifecycle status change: androidx.test.core.app.InstrumentationActivityInvoker$BootstrapActivity@8c7edb4 in: PRE_ON_CREATE
07-18 17:11:35.761  1384  1871 D EGL_emulation: app_time_stats: avg=2571.42ms min=2571.42ms max=2571.42ms count=1
07-18 17:11:35.783   333   377 D goldfish-address-space: claimShared: Ask to claim region [0x3ffdd1000 0x3ffe37000]
07-18 17:11:35.786  7168  7168 V ActivityScenario: Activity lifecycle changed event received but ignored because the intent does not match. startActivityIntent=Intent { act=android.intent.action.MAIN cat=[android.intent.category.LAUNCHER] cmp=com.example.lunchtray/androidx.fragment.app.testing.FragmentScenario$EmptyFragmentActivity (has extras) }, activity.getIntent()=Intent { act=android.intent.action.MAIN cat=[android.intent.category.LAUNCHER] flg=0x10008000 cmp=com.example.lunchtray/androidx.test.core.app.InstrumentationActivityInvoker$BootstrapActivity (has extras) }, activity=androidx.test.core.app.InstrumentationActivityInvoker$BootstrapActivity@8c7edb4
07-18 17:11:35.920  7168  7168 D LifecycleMonitor: Lifecycle status change: androidx.test.core.app.InstrumentationActivityInvoker$BootstrapActivity@8c7edb4 in: CREATED
07-18 17:11:35.921  7168  7168 V ActivityScenario: Activity lifecycle changed event received but ignored because the intent does not match. startActivityIntent=Intent { act=android.intent.action.MAIN cat=[android.intent.category.LAUNCHER] cmp=com.example.lunchtray/androidx.fragment.app.testing.FragmentScenario$EmptyFragmentActivity (has extras) }, activity.getIntent()=Intent { act=android.intent.action.MAIN cat=[android.intent.category.LAUNCHER] flg=0x10008000 cmp=com.example.lunchtray/androidx.test.core.app.InstrumentationActivityInvoker$BootstrapActivity (has extras) }, activity=androidx.test.core.app.InstrumentationActivityInvoker$BootstrapActivity@8c7edb4
07-18 17:11:35.930  7168  7168 D LifecycleMonitor: Lifecycle status change: androidx.test.core.app.InstrumentationActivityInvoker$BootstrapActivity@8c7edb4 in: STARTED
07-18 17:11:35.933  7168  7168 V ActivityScenario: Activity lifecycle changed event received but ignored because the intent does not match. startActivityIntent=Intent { act=android.intent.action.MAIN cat=[android.intent.category.LAUNCHER] cmp=com.example.lunchtray/androidx.fragment.app.testing.FragmentScenario$EmptyFragmentActivity (has extras) }, activity.getIntent()=Intent { act=android.intent.action.MAIN cat=[android.intent.category.LAUNCHER] flg=0x10008000 cmp=com.example.lunchtray/androidx.test.core.app.InstrumentationActivityInvoker$BootstrapActivity (has extras) }, activity=androidx.test.core.app.InstrumentationActivityInvoker$BootstrapActivity@8c7edb4
07-18 17:11:35.982  7168  7168 D LifecycleMonitor: Lifecycle status change: androidx.test.core.app.InstrumentationActivityInvoker$BootstrapActivity@8c7edb4 in: RESUMED
07-18 17:11:35.984  7168  7168 V ActivityScenario: Activity lifecycle changed event received but ignored because the intent does not match. startActivityIntent=Intent { act=android.intent.action.MAIN cat=[android.intent.category.LAUNCHER] cmp=com.example.lunchtray/androidx.fragment.app.testing.FragmentScenario$EmptyFragmentActivity (has extras) }, activity.getIntent()=Intent { act=android.intent.action.MAIN cat=[android.intent.category.LAUNCHER] flg=0x10008000 cmp=com.example.lunchtray/androidx.test.core.app.InstrumentationActivityInvoker$BootstrapActivity (has extras) }, activity=androidx.test.core.app.InstrumentationActivityInvoker$BootstrapActivity@8c7edb4
07-18 17:11:36.052  7168  7168 D LifecycleMonitor: Lifecycle status change: androidx.test.core.app.InstrumentationActivityInvoker$BootstrapActivity@8c7edb4 in: PAUSED
07-18 17:11:36.053  7168  7168 V ActivityScenario: Activity lifecycle changed event received but ignored because the intent does not match. startActivityIntent=Intent { act=android.intent.action.MAIN cat=[android.intent.category.LAUNCHER] cmp=com.example.lunchtray/androidx.fragment.app.testing.FragmentScenario$EmptyFragmentActivity (has extras) }, activity.getIntent()=Intent { act=android.intent.action.MAIN cat=[android.intent.category.LAUNCHER] flg=0x10008000 cmp=com.example.lunchtray/androidx.test.core.app.InstrumentationActivityInvoker$BootstrapActivity (has extras) }, activity=androidx.test.core.app.InstrumentationActivityInvoker$BootstrapActivity@8c7edb4
07-18 17:11:36.150  1951  1951 I A       : onApplyWindowInsets: systemWindowInsets=Insets{left=0, top=18, right=0, bottom=0}
07-18 17:11:36.193  1951  1951 I A       : onApplyWindowInsets: systemWindowInsets=Insets{left=0, top=18, right=0, bottom=0}
07-18 17:11:36.202  7168  7168 D LifecycleMonitor: Lifecycle status change: androidx.fragment.app.testing.FragmentScenario$EmptyFragmentActivity@5ce8176 in: PRE_ON_CREATE
07-18 17:11:36.202  7168  7168 V ActivityScenario: Activity lifecycle changed event received but ignored because the reported transition was not ON_CREATE while the last known transition was PRE_ON_CREATE
07-18 17:11:36.296  7168  7168 D LifecycleMonitor: Lifecycle status change: androidx.fragment.app.testing.FragmentScenario$EmptyFragmentActivity@5ce8176 in: CREATED
07-18 17:11:36.296  7168  7168 V ActivityScenario: Update currentActivityStage to CREATED, currentActivity=androidx.fragment.app.testing.FragmentScenario$EmptyFragmentActivity@5ce8176
07-18 17:11:36.302  7168  7168 D LifecycleMonitor: Lifecycle status change: androidx.fragment.app.testing.FragmentScenario$EmptyFragmentActivity@5ce8176 in: STARTED
07-18 17:11:36.313  7168  7168 V ActivityScenario: Update currentActivityStage to STARTED, currentActivity=androidx.fragment.app.testing.FragmentScenario$EmptyFragmentActivity@5ce8176
07-18 17:11:36.319  7168  7168 D LifecycleMonitor: Lifecycle status change: androidx.fragment.app.testing.FragmentScenario$EmptyFragmentActivity@5ce8176 in: RESUMED
07-18 17:11:36.319  7168  7168 V ActivityScenario: Update currentActivityStage to RESUMED, currentActivity=androidx.fragment.app.testing.FragmentScenario$EmptyFragmentActivity@5ce8176
07-18 17:11:36.350  7168  7168 D LifecycleMonitor: Lifecycle status change: androidx.test.core.app.InstrumentationActivityInvoker$BootstrapActivity@8c7edb4 in: STOPPED
07-18 17:11:36.351  7168  7168 V ActivityScenario: Activity lifecycle changed event received but ignored because the intent does not match. startActivityIntent=Intent { act=android.intent.action.MAIN cat=[android.intent.category.LAUNCHER] cmp=com.example.lunchtray/androidx.fragment.app.testing.FragmentScenario$EmptyFragmentActivity (has extras) }, activity.getIntent()=Intent { act=android.intent.action.MAIN cat=[android.intent.category.LAUNCHER] flg=0x10008000 cmp=com.example.lunchtray/androidx.test.core.app.InstrumentationActivityInvoker$BootstrapActivity (has extras) }, activity=androidx.test.core.app.InstrumentationActivityInvoker$BootstrapActivity@8c7edb4
07-18 17:11:36.419  7168  7193 D HostConnection: createUnique: call
07-18 17:11:36.425  7168  7193 D HostConnection: HostConnection::get() New Host Connection established 0x72b3e8b46bd0, tid 7193
07-18 17:11:36.440  7168  7193 D HostConnection: HostComposition ext ANDROID_EMU_CHECKSUM_HELPER_v1 ANDROID_EMU_native_sync_v2 ANDROID_EMU_dma_v1 ANDROID_EMU_direct_mem ANDROID_EMU_host_composition_v1 ANDROID_EMU_host_composition_v2 ANDROID_EMU_vulkan ANDROID_EMU_deferred_vulkan_commands ANDROID_EMU_vulkan_null_optional_strings ANDROID_EMU_vulkan_create_resources_with_requirements ANDROID_EMU_YUV_Cache ANDROID_EMU_vulkan_ignored_handles ANDROID_EMU_has_shared_slots_host_memory_allocator ANDROID_EMU_vulkan_free_memory_sync ANDROID_EMU_vulkan_shader_float16_int8 ANDROID_EMU_vulkan_async_queue_submit ANDROID_EMU_vulkan_queue_submit_with_commands ANDROID_EMU_sync_buffer_data ANDROID_EMU_read_color_buffer_dma GL_OES_EGL_image_external_essl3 GL_OES_vertex_array_object GL_KHR_texture_compression_astc_ldr ANDROID_EMU_host_side_tracing ANDROID_EMU_gles_max_version_3_0
07-18 17:11:36.445   172   172 I hwservicemanager: getTransport: Cannot find entry android.hardware.configstore@1.0::ISurfaceFlingerConfigs/default in either framework or device VINTF manifest.
07-18 17:11:36.446  7168  7193 W OpenGLRenderer: Failed to initialize 101010-2 format, error = EGL_SUCCESS
07-18 17:11:36.452  7168  7193 D EGL_emulation: eglCreateContext: 0x72b3e8b48610: maj 3 min 0 rcv 3
07-18 17:11:36.460  7168  7193 D EGL_emulation: eglMakeCurrent: 0x72b3e8b48610: ver 3 0 (tinfo 0x72b5fbc50080) (first time)
07-18 17:11:36.478   402   521 E HWComposer: getSupportedContentTypes: getSupportedContentTypes failed for display 4619827259835644672: Unsupported (8)
07-18 17:11:36.481   172   172 I hwservicemanager: getTransport: Cannot find entry android.hardware.graphics.mapper@4.0::IMapper/default in either framework or device VINTF manifest.
07-18 17:11:36.482  7168  7193 I Gralloc4: mapper 4.x is not supported
07-18 17:11:36.484  7168  7193 D HostConnection: createUnique: call
07-18 17:11:36.484  7168  7193 D HostConnection: HostConnection::get() New Host Connection established 0x72b3e8b47ad0, tid 7193
07-18 17:11:36.487  7168  7193 D goldfish-address-space: allocate: Ask for block of size 0x100
07-18 17:11:36.487  7168  7193 D goldfish-address-space: allocate: ioctl allocate returned offset 0x3fbffe000 size 0x2000
07-18 17:11:36.488   172   172 I hwservicemanager: getTransport: Cannot find entry android.hardware.graphics.allocator@4.0::IAllocator/default in either framework or device VINTF manifest.
07-18 17:11:36.488  7168  7193 W Gralloc4: allocator 4.x is not supported
07-18 17:11:36.499   333   376 D goldfish-address-space: claimShared: Ask to claim region [0x3fff16000 0x3fff7c000]
07-18 17:11:36.540  7168  7193 D HostConnection: HostComposition ext ANDROID_EMU_CHECKSUM_HELPER_v1 ANDROID_EMU_native_sync_v2 ANDROID_EMU_dma_v1 ANDROID_EMU_direct_mem ANDROID_EMU_host_composition_v1 ANDROID_EMU_host_composition_v2 ANDROID_EMU_vulkan ANDROID_EMU_deferred_vulkan_commands ANDROID_EMU_vulkan_null_optional_strings ANDROID_EMU_vulkan_create_resources_with_requirements ANDROID_EMU_YUV_Cache ANDROID_EMU_vulkan_ignored_handles ANDROID_EMU_has_shared_slots_host_memory_allocator ANDROID_EMU_vulkan_free_memory_sync ANDROID_EMU_vulkan_shader_float16_int8 ANDROID_EMU_vulkan_async_queue_submit ANDROID_EMU_vulkan_queue_submit_with_commands ANDROID_EMU_sync_buffer_data ANDROID_EMU_read_color_buffer_dma GL_OES_EGL_image_external_essl3 GL_OES_vertex_array_object GL_KHR_texture_compression_astc_ldr ANDROID_EMU_host_side_tracing ANDROID_EMU_gles_max_version_3_0
07-18 17:11:36.543   333   377 D goldfish-address-space: claimShared: Ask to claim region [0x3ffe37000 0x3ffe9d000]
07-18 17:11:36.554   333   377 D goldfish-address-space: claimShared: Ask to claim region [0x3fd6fc000 0x3fd762000]
07-18 17:11:37.167   552   579 I ActivityTaskManager: Displayed com.example.lunchtray/androidx.fragment.app.testing.FragmentScenario$EmptyFragmentActivity: +1s792ms
07-18 17:11:37.180  7168  7183 I OpenGLRenderer: Davey! duration=802ms; Flags=1, FrameTimelineVsyncId=14126, IntendedVsync=1054181843782, Vsync=1054181843782, InputEventId=0, HandleInputStart=1054191560121, AnimationStart=1054191564322, PerformTraversalsStart=1054191566759, DrawStart=1054371245178, FrameDeadline=1054198510448, FrameInterval=1054191525456, FrameStartTime=16666666, SyncQueued=1054372896199, SyncStart=1054375422076, IssueDrawCommandsStart=1054388592703, SwapBuffers=1054401619951, FrameCompleted=1054986463358, DequeueBufferDuration=5368, QueueBufferDuration=915447, GpuCompleted=1054986389809, SwapBuffersCompleted=1054986463358, DisplayPresentTime=64,
07-18 17:11:37.227  1113  3317 I FontLog : Received query Noto Color Emoji Compat, URI content://com.google.android.gms.fonts [CONTEXT service_id=132 ]
07-18 17:11:37.228  1113  3317 I FontLog : Query [emojicompat-emoji-font] resolved to {Noto Color Emoji Compat, wdth 100.0, wght 400, ital 0.0, bestEffort false} [CONTEXT service_id=132 ]
07-18 17:11:37.233  1113  3317 I FontLog : Fetch {Noto Color Emoji Compat, wdth 100.0, wght 400, ital 0.0, bestEffort false} end status Status{statusCode=SUCCESS, resolution=null} [CONTEXT service_id=132 ]
07-18 17:11:37.290  7168  7168 D CompatibilityChangeReporter: Compat change id reported: 171228096; UID 10147; state: ENABLED
07-18 17:11:37.305  1113  3331 I FontLog : Pulling font file for id = 16, cache size = 6 [CONTEXT service_id=132 ]
07-18 17:11:37.364  1113  3331 I FontLog : Pulling font file for id = 16, cache size = 6 [CONTEXT service_id=132 ]
07-18 17:11:37.537   552   863 W InputManager-JNI: Input channel object '25a5e19 Splash Screen com.example.lunchtray (client)' was disposed without first being removed with the input manager!
07-18 17:11:37.782  7168  7191 D EventInjectionStrategy: Creating injection strategy with input manager.
07-18 17:11:37.784  7168  7191 W ample.lunchtra: Accessing hidden method Landroid/hardware/input/InputManager;->getInstance()Landroid/hardware/input/InputManager; (unsupported, reflection, allowed)
07-18 17:11:37.785  7168  7191 W ample.lunchtra: Accessing hidden method Landroid/hardware/input/InputManager;->injectInputEvent(Landroid/view/InputEvent;I)Z (unsupported, reflection, allowed)
07-18 17:11:37.786  7168  7191 W ample.lunchtra: Accessing hidden field Landroid/hardware/input/InputManager;->INJECT_INPUT_EVENT_MODE_WAIT_FOR_FINISH:I (unsupported, reflection, allowed)
07-18 17:11:37.840  5626  5626 I GoogleInputMethodService: GoogleInputMethodService.onFinishInput():3420
07-18 17:11:37.841  5626  5626 I GoogleInputMethodService: GoogleInputMethodService.onStartInput():2002
07-18 17:11:37.842  5626  5626 I DeviceUnlockedTag: DeviceUnlockedTag.notifyDeviceLockStatusChanged():31 Notify device unlocked.
07-18 17:11:39.068  7168  7168 I Choreographer: Skipped 72 frames!  The application may be doing too much work on its main thread.
07-18 17:11:39.077  7168  7179 I OpenGLRenderer: Davey! duration=1426ms; Flags=0, FrameTimelineVsyncId=14189, IntendedVsync=1055465177064, Vsync=1055581843726, InputEventId=0, HandleInputStart=1055584970970, AnimationStart=1055584976780, PerformTraversalsStart=1055587881298, DrawStart=1055653920958, FrameDeadline=1055481843730, FrameInterval=1055584945861, FrameStartTime=16666666, SyncQueued=1055660408708, SyncStart=1055660904884, IssueDrawCommandsStart=1055661091782, SwapBuffers=1056641014784, FrameCompleted=1056892206871, DequeueBufferDuration=4545, QueueBufferDuration=832496, GpuCompleted=1056892141441, SwapBuffersCompleted=1056892206871, DisplayPresentTime=34359738368,
07-18 17:11:39.105  7168  7191 W ample.lunchtra: Accessing hidden method Landroid/view/ViewConfiguration;->getDoubleTapMinTime()I (unsupported, reflection, allowed)
07-18 17:11:39.115  7168  7179 I OpenGLRenderer: Davey! duration=1259ms; Flags=0, FrameTimelineVsyncId=14209, IntendedVsync=1055681843722, Vsync=1056881843674, InputEventId=0, HandleInputStart=1056898296770, AnimationStart=1056898391346, PerformTraversalsStart=1056902407201, DrawStart=1056902672615, FrameDeadline=1055715177054, FrameInterval=1056896447058, FrameStartTime=16666666, SyncQueued=1056906460517, SyncStart=1056906518895, IssueDrawCommandsStart=1056907158136, SwapBuffers=1056909937612, FrameCompleted=1056941876701, DequeueBufferDuration=5801897, QueueBufferDuration=358643, GpuCompleted=1056918043448, SwapBuffersCompleted=1056941876701, DisplayPresentTime=8589934593,
07-18 17:11:39.130  7168  7168 W ample.lunchtra: Accessing hidden method Landroid/os/MessageQueue;->next()Landroid/os/Message; (unsupported, reflection, allowed)
07-18 17:11:39.131  7168  7168 W ample.lunchtra: Accessing hidden field Landroid/os/MessageQueue;->mMessages:Landroid/os/Message; (unsupported, reflection, allowed)
07-18 17:11:39.132  7168  7168 W ample.lunchtra: Accessing hidden method Landroid/os/Message;->recycleUnchecked()V (unsupported, reflection, allowed)
07-18 17:11:39.138  7168  7168 W ample.lunchtra: Accessing hidden method Landroid/view/WindowManagerGlobal;->getInstance()Landroid/view/WindowManagerGlobal; (unsupported, reflection, allowed)
07-18 17:11:39.138  7168  7168 W ample.lunchtra: Accessing hidden field Landroid/view/WindowManagerGlobal;->mViews:Ljava/util/ArrayList; (unsupported, reflection, allowed)
07-18 17:11:39.138  7168  7168 W ample.lunchtra: Accessing hidden field Landroid/view/WindowManagerGlobal;->mParams:Ljava/util/ArrayList; (unsupported, reflection, allowed)
07-18 17:11:39.144  7168  7168 I ViewInteraction: Performing 'single click' action on view view.getId() is <2131231138/com.example.lunchtray:id/salad>
07-18 17:11:39.218  7168  7168 D SetSide : Se agrego el valor a entree MenuItem(name=Summer Salad, description=Heirloom tomatoes, butter lettuce, peaches, avocado, balsamic dressing, price=2.5, type=2)
07-18 17:11:39.218  7168  7168 D ViewModel: Start function update subtotal and this is the value ---> 2.5
07-18 17:11:39.218  7168  7168 D ViewModel: value of subtotal ---> 0.0
07-18 17:11:39.226  7168  7168 D ViewModel: Add the value at subtotal
07-18 17:11:39.226  7168  7168 D TAX     : Inicia el calculo del tax
07-18 17:11:39.226  7168  7168 D TAX     : Valor de tax 0.2
07-18 17:11:39.227  7168  7168 D TAX     : Valor de total value 2.7
07-18 17:11:39.245   396   501 D AudioFlinger: mixer(0x799b30e48a70) throttle end: throttle time(47)
07-18 17:11:39.867  7168  7168 I Choreographer: Skipped 36 frames!  The application may be doing too much work on its main thread.
07-18 17:11:40.066  7168  7193 D EGL_emulation: app_time_stats: avg=152.50ms min=4.98ms max=1905.74ms count=18
07-18 17:11:40.405  7168  7168 I ViewInteraction: Checking 'MatchesViewAssertion{viewMatcher=an instance of android.widget.TextView and view.getText() with or without transformation to match: a string containing "Subtotal: $2.50"}' assertion on view view.getId() is <2131231217/com.example.lunchtray:id/subtotal>
07-18 17:11:40.409  7168  7168 I ViewInteraction: Performing 'single click' action on view view.getId() is <2131231187/com.example.lunchtray:id/soup>
07-18 17:11:40.492  7168  7168 D SetSide : subtotal is not null 2.5
07-18 17:11:40.502  7168  7168 D SetSide : valor del previous 0.0
07-18 17:11:40.503  7168  7168 D SetSide : New value of subtotal 2.5
07-18 17:11:40.503  7168  7168 D SetSide : Se agrego el valor a entree MenuItem(name=Butternut Squash Soup, description=Roasted butternut squash, roasted peppers, chili oil, price=3.0, type=2)
07-18 17:11:40.503  7168  7168 D ViewModel: Start function update subtotal and this is the value ---> 3.0
07-18 17:11:40.503  7168  7168 D ViewModel: value of subtotal ---> 2.5
07-18 17:11:40.503  7168  7168 D ViewModel: _subtotal is not null
07-18 17:11:40.535  7168  7168 D ViewModel: New value of subtotal 5.5
07-18 17:11:40.535  7168  7168 D TAX     : Inicia el calculo del tax
07-18 17:11:40.535  7168  7168 D TAX     : Valor de tax 0.44
07-18 17:11:40.536  7168  7168 D TAX     : Valor de total value 5.94
07-18 17:11:40.577   396   501 D AudioFlinger: mixer(0x799b30e48a70) throttle end: throttle time(21)
07-18 17:11:40.819  7168  7168 I ViewInteraction: Checking 'MatchesViewAssertion{viewMatcher=an instance of android.widget.TextView and view.getText() with or without transformation to match: a string containing "Subtotal: $3.00"}' assertion on view view.getId() is <2131231217/com.example.lunchtray:id/subtotal>
07-18 17:11:40.830  7168  7191 E TestRunner: failed: radio_buttons_update_side_menu_subtotal(com.example.lunchtray.OrderFunctionalityTests)
07-18 17:11:40.830  7168  7191 E TestRunner: ----- begin exception -----
07-18 17:11:40.836  7168  7191 E TestRunner: androidx.test.espresso.base.DefaultFailureHandler$AssertionFailedWithCauseError: 'an instance of android.widget.TextView and view.getText() with or without transformation to match: a string containing "Subtotal: $3.00"' doesn't match the selected view.
07-18 17:11:40.836  7168  7191 E TestRunner: Expected: an instance of android.widget.TextView and view.getText() with or without transformation to match: a string containing "Subtotal: $3.00"
07-18 17:11:40.836  7168  7191 E TestRunner:      Got: view.getText() was "Subtotal: $5.50"
07-18 17:11:40.836  7168  7191 E TestRunner: View Details: TextView{id=2131231217, res-name=subtotal, visibility=VISIBLE, width=97, height=19, has-focus=false, has-focusable=false, has-window-focus=true, is-clickable=false, is-enabled=true, is-focused=false, is-focusable=false, is-layout-requested=false, is-selected=false, layout-params=androidx.constraintlayout.widget.ConstraintLayout$LayoutParams@a48cbdd, tag=null, root-is-layout-requested=false, has-input-connection=false, x=131.0, y=319.0, text=Subtotal: $5.50, input-type=0, ime-target=false, has-links=false}
07-18 17:11:40.836  7168  7191 E TestRunner:
07-18 17:11:40.836  7168  7191 E TestRunner: 	at dalvik.system.VMStack.getThreadStackTrace(Native Method)
07-18 17:11:40.836  7168  7191 E TestRunner: 	at java.lang.Thread.getStackTrace(Thread.java:1724)
07-18 17:11:40.836  7168  7191 E TestRunner: 	at androidx.test.espresso.base.DefaultFailureHandler.getUserFriendlyError(DefaultFailureHandler.java:12)
07-18 17:11:40.836  7168  7191 E TestRunner: 	at androidx.test.espresso.base.DefaultFailureHandler.handle(DefaultFailureHandler.java:7)
07-18 17:11:40.836  7168  7191 E TestRunner: 	at androidx.test.espresso.ViewInteraction.waitForAndHandleInteractionResults(ViewInteraction.java:5)
07-18 17:11:40.836  7168  7191 E TestRunner: 	at androidx.test.espresso.ViewInteraction.check(ViewInteraction.java:12)
07-18 17:11:40.836  7168  7191 E TestRunner: 	at com.example.lunchtray.OrderFunctionalityTests.radio_buttons_update_side_menu_subtotal(OrderFunctionalityTests.kt:89)
07-18 17:11:40.836  7168  7191 E TestRunner: 	at java.lang.reflect.Method.invoke(Native Method)
07-18 17:11:40.836  7168  7191 E TestRunner: 	at org.junit.runners.model.FrameworkMethod$1.runReflectiveCall(FrameworkMethod.java:50)
07-18 17:11:40.836  7168  7191 E TestRunner: 	at org.junit.internal.runners.model.ReflectiveCallable.run(ReflectiveCallable.java:12)
07-18 17:11:40.836  7168  7191 E TestRunner: 	at org.junit.runners.model.FrameworkMethod.invokeExplosively(FrameworkMethod.java:47)
07-18 17:11:40.836  7168  7191 E TestRunner: 	at org.junit.internal.runners.statements.InvokeMethod.evaluate(InvokeMethod.java:17)
07-18 17:11:40.836  7168  7191 E TestRunner: 	at org.junit.runners.ParentRunner.runLeaf(ParentRunner.java:325)
07-18 17:11:40.836  7168  7191 E TestRunner: 	at org.junit.runners.BlockJUnit4ClassRunner.runChild(BlockJUnit4ClassRunner.java:78)
07-18 17:11:40.836  7168  7191 E TestRunner: 	at org.junit.runners.BlockJUnit4ClassRunner.runChild(BlockJUnit4ClassRunner.java:57)
07-18 17:11:40.836  7168  7191 E TestRunner: 	at org.junit.runners.ParentRunner$3.run(ParentRunner.java:290)
07-18 17:11:40.836  7168  7191 E TestRunner: 	at org.junit.runners.ParentRunner$1.schedule(ParentRunner.java:71)
07-18 17:11:40.836  7168  7191 E TestRunner: 	at org.junit.runners.ParentRunner.runChildren(ParentRunner.java:288)
07-18 17:11:40.836  7168  7191 E TestRunner: 	at org.junit.runners.ParentRunner.access$000(ParentRunner.java:58)
07-18 17:11:40.836  7168  7191 E TestRunner: 	at org.junit.runners.ParentRunner$2.evaluate(ParentRunner.java:268)
07-18 17:11:40.836  7168  7191 E TestRunner: 	at org.junit.runners.ParentRunner.run(ParentRunner.java:363)
07-18 17:11:40.836  7168  7191 E TestRunner: 	at androidx.test.ext.junit.runners.AndroidJUnit4.run(AndroidJUnit4.java:162)
07-18 17:11:40.836  7168  7191 E TestRunner: 	at org.junit.runners.Suite.runChild(Suite.java:128)
07-18 17:11:40.836  7168  7191 E TestRunner: 	at org.junit.runners.Suite.runChild(Suite.java:27)
07-18 17:11:40.836  7168  7191 E TestRunner: 	at org.junit.runners.ParentRunner$3.run(ParentRunner.java:290)
07-18 17:11:40.836  7168  7191 E TestRunner: 	at org.junit.runners.ParentRunner$1.schedule(ParentRunner.java:71)
07-18 17:11:40.836  7168  7191 E TestRunner: 	at org.junit.runners.ParentRunner.runChildren(ParentRunner.java:288)
07-18 17:11:40.836  7168  7191 E TestRunner: 	at org.junit.runners.ParentRunner.access$000(ParentRunner.java:58)
07-18 17:11:40.836  7168  7191 E TestRunner: 	at org.junit.runners.ParentRunner$2.evaluate(ParentRunner.java:268)
07-18 17:11:40.836  7168  7191 E TestRunner: 	at org.junit.runners.ParentRunner.run(ParentRunner.java:363)
07-18 17:11:40.836  7168  7191 E TestRunner: 	at org.junit.runner.JUnitCore.run(JUnitCore.java:137)
07-18 17:11:40.836  7168  7191 E TestRunner: 	at org.junit.runner.JUnitCore.run(JUnitCore.java:115)
07-18 17:11:40.836  7168  7191 E TestRunner: 	at androidx.test.internal.runner.TestExecutor.execute(TestExecutor.java:56)
07-18 17:11:40.836  7168  7191 E TestRunner: 	at androidx.test.runner.AndroidJUnitRunner.onStart(AndroidJUnitRunner.java:444)
07-18 17:11:40.836  7168  7191 E TestRunner: 	at android.app.Instrumentation$InstrumentationThread.run(Instrumentation.java:2248)
07-18 17:11:40.836  7168  7191 E TestRunner: Caused by: junit.framework.AssertionFailedError: 'an instance of android.widget.TextView and view.getText() with or without transformation to match: a string containing "Subtotal: $3.00"' doesn't match the selected view.
07-18 17:11:40.836  7168  7191 E TestRunner: Expected: an instance of android.widget.TextView and view.getText() with or without transformation to match: a string containing "Subtotal: $3.00"
07-18 17:11:40.836  7168  7191 E TestRunner:      Got: view.getText() was "Subtotal: $5.50"
07-18 17:11:40.836  7168  7191 E TestRunner: View Details: TextView{id=2131231217, res-name=subtotal, visibility=VISIBLE, width=97, height=19, has-focus=false, has-focusable=false, has-window-focus=true, is-clickable=false, is-enabled=true, is-focused=false, is-focusable=false, is-layout-requested=false, is-selected=false, layout-params=androidx.constraintlayout.widget.ConstraintLayout$LayoutParams@a48cbdd, tag=null, root-is-layout-requested=false, has-input-connection=false, x=131.0, y=319.0, text=Subtotal: $5.50, input-type=0, ime-target=false, has-links=false}
07-18 17:11:40.836  7168  7191 E TestRunner:
07-18 17:11:40.836  7168  7191 E TestRunner: 	at androidx.test.espresso.matcher.ViewMatchers.assertThat(ViewMatchers.java:16)
07-18 17:11:40.836  7168  7191 E TestRunner: 	at androidx.test.espresso.assertion.ViewAssertions$MatchesViewAssertion.check(ViewAssertions.java:11)
07-18 17:11:40.836  7168  7191 E TestRunner: 	at androidx.test.espresso.ViewInteraction$SingleExecutionViewAssertion.check(ViewInteraction.java:2)
07-18 17:11:40.836  7168  7191 E TestRunner: 	at androidx.test.espresso.ViewInteraction$2.call(ViewInteraction.java:12)
07-18 17:11:40.836  7168  7191 E TestRunner: 	at androidx.test.espresso.ViewInteraction$2.call(ViewInteraction.java:1)
07-18 17:11:40.836  7168  7191 E TestRunner: 	at java.util.concurrent.FutureTask.run(FutureTask.java:266)
07-18 17:11:40.836  7168  7191 E TestRunner: 	at android.os.Handler.handleCallback(Handler.java:938)
07-18 17:11:40.836  7168  7191 E TestRunner: 	at android.os.Handler.dispatchMessage(Handler.java:99)
07-18 17:11:40.836  7168  7191 E TestRunner: 	at android.os.Looper.loopOnce(Looper.java:201)
07-18 17:11:40.836  7168  7191 E TestRunner: 	at android.os.Looper.loop(Looper.java:288)
07-18 17:11:40.836  7168  7191 E TestRunner: 	at android.app.ActivityThread.main(ActivityThread.java:7839)
07-18 17:11:40.836  7168  7191 E TestRunner: 	at java.lang.reflect.Method.invoke(Native Method)
07-18 17:11:40.836  7168  7191 E TestRunner: 	at com.android.internal.os.RuntimeInit$MethodAndArgsCaller.run(RuntimeInit.java:548)
07-18 17:11:40.836  7168  7191 E TestRunner: 	at com.android.internal.os.ZygoteInit.main(ZygoteInit.java:1003)
07-18 17:11:40.836  7168  7191 E TestRunner: ----- end exception -----
07-18 17:11:40.862  7168  7191 I TestRunner: finished: radio_buttons_update_side_menu_subtotal(com.example.lunchtray.OrderFunctionalityTests)
