07-18 17:11:41.667  7168  7191 I TestRunner: started: order_reset_after_cancel_from_accompaniment_menu(com.example.lunchtray.OrderFunctionalityTests)
07-18 17:11:41.679  7168  7168 D LifecycleMonitor: Lifecycle status change: androidx.fragment.app.testing.FragmentScenario$EmptyFragmentActivity@5ce8176 in: DESTROYED
07-18 17:11:41.679  7168  7168 V ActivityScenario: Update currentActivityStage to DESTROYED, currentActivity=null
07-18 17:11:41.685   552  1809 W InputManager-JNI: Input channel object 'b354fb5 com.example.lunchtray/androidx.fragment.app.testing.FragmentScenario$EmptyFragmentActivity (client)' was disposed without first being removed with the input manager!
07-18 17:11:41.737  7168  7191 W Settings: Setting always_finish_activities has moved from android.provider.Settings.System to android.provider.Settings.Global, returning read-only value.
07-18 17:11:41.789   767   887 D SplashScreenView: Build android.window.SplashScreenView{35f35ae V.E...... ......ID 0,0-0,0}
07-18 17:11:41.789   767   887 D SplashScreenView: Icon: view: null drawable: null size: 0
07-18 17:11:41.789   767   887 D SplashScreenView: Branding: view: android.view.View{4790f4f G.ED..... ......I. 0,0-0,0 #10204a6 android:id/splashscreen_branding_view} drawable: null size w: 0 h: 0
07-18 17:11:41.882  7168  7168 D LifecycleMonitor: Lifecycle status change: androidx.test.core.app.InstrumentationActivityInvoker$BootstrapActivity@a9b160a in: PRE_ON_CREATE
07-18 17:11:41.899  7168  7168 V ActivityScenario: Activity lifecycle changed event received but ignored because the intent does not match. startActivityIntent=Intent { act=android.intent.action.MAIN cat=[android.intent.category.LAUNCHER] cmp=com.example.lunchtray/androidx.fragment.app.testing.FragmentScenario$EmptyFragmentActivity (has extras) }, activity.getIntent()=Intent { act=android.intent.action.MAIN cat=[android.intent.category.LAUNCHER] flg=0x10008000 cmp=com.example.lunchtray/androidx.test.core.app.InstrumentationActivityInvoker$BootstrapActivity (has extras) }, activity=androidx.test.core.app.InstrumentationActivityInvoker$BootstrapActivity@a9b160a
07-18 17:11:41.901  7168  7168 V ActivityScenario: Activity lifecycle changed event received but ignored because the intent does not match. startActivityIntent=Intent { act=android.intent.action.MAIN cat=[android.intent.category.LAUNCHER] cmp=com.example.lunchtray/.MainActivity }, activity.getIntent()=Intent { act=android.intent.action.MAIN cat=[android.intent.category.LAUNCHER] flg=0x10008000 cmp=com.example.lunchtray/androidx.test.core.app.InstrumentationActivityInvoker$BootstrapActivity (has extras) }, activity=androidx.test.core.app.InstrumentationActivityInvoker$BootstrapActivity@a9b160a
07-18 17:11:41.904   333   377 D goldfish-address-space: claimShared: Ask to claim region [0x3fd6fc000 0x3fd762000]
07-18 17:11:41.924  1709  1709 I GsaVoiceInteractionSrv: Handling ACTION_STOP_HOTWORD
07-18 17:11:41.924  1709  1709 E HwDetectorWithState: a: 3
07-18 17:11:41.962   333   377 D goldfish-address-space: claimShared: Ask to claim region [0x3fff03000 0x3fff69000]
07-18 17:11:41.967  7168  7168 D LifecycleMonitor: Lifecycle status change: androidx.test.core.app.InstrumentationActivityInvoker$BootstrapActivity@a9b160a in: CREATED
07-18 17:11:41.977  7168  7168 V ActivityScenario: Activity lifecycle changed event received but ignored because the intent does not match. startActivityIntent=Intent { act=android.intent.action.MAIN cat=[android.intent.category.LAUNCHER] cmp=com.example.lunchtray/androidx.fragment.app.testing.FragmentScenario$EmptyFragmentActivity (has extras) }, activity.getIntent()=Intent { act=android.intent.action.MAIN cat=[android.intent.category.LAUNCHER] flg=0x10008000 cmp=com.example.lunchtray/androidx.test.core.app.InstrumentationActivityInvoker$BootstrapActivity (has extras) }, activity=androidx.test.core.app.InstrumentationActivityInvoker$BootstrapActivity@a9b160a
07-18 17:11:41.978  7168  7168 V ActivityScenario: Activity lifecycle changed event received but ignored because the intent does not match. startActivityIntent=Intent { act=android.intent.action.MAIN cat=[android.intent.category.LAUNCHER] cmp=com.example.lunchtray/.MainActivity }, activity.getIntent()=Intent { act=android.intent.action.MAIN cat=[android.intent.category.LAUNCHER] flg=0x10008000 cmp=com.example.lunchtray/androidx.test.core.app.InstrumentationActivityInvoker$BootstrapActivity (has extras) }, activity=androidx.test.core.app.InstrumentationActivityInvoker$BootstrapActivity@a9b160a
07-18 17:11:41.986  7168  7168 D LifecycleMonitor: Lifecycle status change: androidx.test.core.app.InstrumentationActivityInvoker$BootstrapActivity@a9b160a in: STARTED
07-18 17:11:41.991  7168  7168 V ActivityScenario: Activity lifecycle changed event received but ignored because the intent does not match. startActivityIntent=Intent { act=android.intent.action.MAIN cat=[android.intent.category.LAUNCHER] cmp=com.example.lunchtray/androidx.fragment.app.testing.FragmentScenario$EmptyFragmentActivity (has extras) }, activity.getIntent()=Intent { act=android.intent.action.MAIN cat=[android.intent.category.LAUNCHER] flg=0x10008000 cmp=com.example.lunchtray/androidx.test.core.app.InstrumentationActivityInvoker$BootstrapActivity (has extras) }, activity=androidx.test.core.app.InstrumentationActivityInvoker$BootstrapActivity@a9b160a
07-18 17:11:41.993  7168  7168 V ActivityScenario: Activity lifecycle changed event received but ignored because the intent does not match. startActivityIntent=Intent { act=android.intent.action.MAIN cat=[android.intent.category.LAUNCHER] cmp=com.example.lunchtray/.MainActivity }, activity.getIntent()=Intent { act=android.intent.action.MAIN cat=[android.intent.category.LAUNCHER] flg=0x10008000 cmp=com.example.lunchtray/androidx.test.core.app.InstrumentationActivityInvoker$BootstrapActivity (has extras) }, activity=androidx.test.core.app.InstrumentationActivityInvoker$BootstrapActivity@a9b160a
07-18 17:11:42.003   333   377 D goldfish-address-space: claimShared: Ask to claim region [0x3fd960000 0x3fd9c6000]
07-18 17:11:42.095  7168  7168 D LifecycleMonitor: Lifecycle status change: androidx.test.core.app.InstrumentationActivityInvoker$BootstrapActivity@a9b160a in: RESUMED
07-18 17:11:42.095  7168  7168 V ActivityScenario: Activity lifecycle changed event received but ignored because the intent does not match. startActivityIntent=Intent { act=android.intent.action.MAIN cat=[android.intent.category.LAUNCHER] cmp=com.example.lunchtray/androidx.fragment.app.testing.FragmentScenario$EmptyFragmentActivity (has extras) }, activity.getIntent()=Intent { act=android.intent.action.MAIN cat=[android.intent.category.LAUNCHER] flg=0x10008000 cmp=com.example.lunchtray/androidx.test.core.app.InstrumentationActivityInvoker$BootstrapActivity (has extras) }, activity=androidx.test.core.app.InstrumentationActivityInvoker$BootstrapActivity@a9b160a
07-18 17:11:42.096  7168  7168 V ActivityScenario: Activity lifecycle changed event received but ignored because the intent does not match. startActivityIntent=Intent { act=android.intent.action.MAIN cat=[android.intent.category.LAUNCHER] cmp=com.example.lunchtray/.MainActivity }, activity.getIntent()=Intent { act=android.intent.action.MAIN cat=[android.intent.category.LAUNCHER] flg=0x10008000 cmp=com.example.lunchtray/androidx.test.core.app.InstrumentationActivityInvoker$BootstrapActivity (has extras) }, activity=androidx.test.core.app.InstrumentationActivityInvoker$BootstrapActivity@a9b160a
07-18 17:11:42.121  7168  7168 D LifecycleMonitor: Lifecycle status change: androidx.test.core.app.InstrumentationActivityInvoker$BootstrapActivity@a9b160a in: PAUSED
07-18 17:11:42.124  7168  7168 V ActivityScenario: Activity lifecycle changed event received but ignored because the intent does not match. startActivityIntent=Intent { act=android.intent.action.MAIN cat=[android.intent.category.LAUNCHER] cmp=com.example.lunchtray/androidx.fragment.app.testing.FragmentScenario$EmptyFragmentActivity (has extras) }, activity.getIntent()=Intent { act=android.intent.action.MAIN cat=[android.intent.category.LAUNCHER] flg=0x10008000 cmp=com.example.lunchtray/androidx.test.core.app.InstrumentationActivityInvoker$BootstrapActivity (has extras) }, activity=androidx.test.core.app.InstrumentationActivityInvoker$BootstrapActivity@a9b160a
07-18 17:11:42.126  7168  7168 V ActivityScenario: Activity lifecycle changed event received but ignored because the intent does not match. startActivityIntent=Intent { act=android.intent.action.MAIN cat=[android.intent.category.LAUNCHER] cmp=com.example.lunchtray/.MainActivity }, activity.getIntent()=Intent { act=android.intent.action.MAIN cat=[android.intent.category.LAUNCHER] flg=0x10008000 cmp=com.example.lunchtray/androidx.test.core.app.InstrumentationActivityInvoker$BootstrapActivity (has extras) }, activity=androidx.test.core.app.InstrumentationActivityInvoker$BootstrapActivity@a9b160a
07-18 17:11:42.202  7168  7168 D LifecycleMonitor: Lifecycle status change: com.example.lunchtray.MainActivity@f08eeb0 in: PRE_ON_CREATE
07-18 17:11:42.210  7168  7168 V ActivityScenario: Activity lifecycle changed event received but ignored because the intent does not match. startActivityIntent=Intent { act=android.intent.action.MAIN cat=[android.intent.category.LAUNCHER] cmp=com.example.lunchtray/androidx.fragment.app.testing.FragmentScenario$EmptyFragmentActivity (has extras) }, activity.getIntent()=Intent { act=android.intent.action.MAIN cat=[android.intent.category.LAUNCHER] cmp=com.example.lunchtray/.MainActivity }, activity=com.example.lunchtray.MainActivity@f08eeb0
07-18 17:11:42.211  7168  7168 V ActivityScenario: Activity lifecycle changed event received but ignored because the reported transition was not ON_CREATE while the last known transition was PRE_ON_CREATE
07-18 17:11:42.445  1951  1951 I A       : onApplyWindowInsets: systemWindowInsets=Insets{left=0, top=18, right=0, bottom=0}
07-18 17:11:42.445  1951  1951 I A       : onApplyWindowInsets: systemWindowInsets=Insets{left=0, top=18, right=0, bottom=0}
07-18 17:11:42.618  7168  7168 W ample.lunchtra: Accessing hidden method Landroid/view/View;->computeFitSystemWindows(Landroid/graphics/Rect;Landroid/graphics/Rect;)Z (unsupported, reflection, allowed)
07-18 17:11:42.624  7168  7168 W ample.lunchtra: Accessing hidden method Landroid/view/ViewGroup;->makeOptionalFitsSystemWindows()V (unsupported, reflection, allowed)
07-18 17:11:42.635  7168  7168 D LifecycleMonitor: Lifecycle status change: com.example.lunchtray.MainActivity@f08eeb0 in: CREATED
07-18 17:11:42.635  7168  7168 V ActivityScenario: Activity lifecycle changed event received but ignored because the intent does not match. startActivityIntent=Intent { act=android.intent.action.MAIN cat=[android.intent.category.LAUNCHER] cmp=com.example.lunchtray/androidx.fragment.app.testing.FragmentScenario$EmptyFragmentActivity (has extras) }, activity.getIntent()=Intent { act=android.intent.action.MAIN cat=[android.intent.category.LAUNCHER] cmp=com.example.lunchtray/.MainActivity }, activity=com.example.lunchtray.MainActivity@f08eeb0
07-18 17:11:42.635  7168  7168 V ActivityScenario: Update currentActivityStage to CREATED, currentActivity=com.example.lunchtray.MainActivity@f08eeb0
07-18 17:11:42.674  7168  7168 D LifecycleMonitor: Lifecycle status change: com.example.lunchtray.MainActivity@f08eeb0 in: STARTED
07-18 17:11:42.675  7168  7168 V ActivityScenario: Activity lifecycle changed event received but ignored because the intent does not match. startActivityIntent=Intent { act=android.intent.action.MAIN cat=[android.intent.category.LAUNCHER] cmp=com.example.lunchtray/androidx.fragment.app.testing.FragmentScenario$EmptyFragmentActivity (has extras) }, activity.getIntent()=Intent { act=android.intent.action.MAIN cat=[android.intent.category.LAUNCHER] cmp=com.example.lunchtray/.MainActivity }, activity=com.example.lunchtray.MainActivity@f08eeb0
07-18 17:11:42.675  7168  7168 V ActivityScenario: Update currentActivityStage to STARTED, currentActivity=com.example.lunchtray.MainActivity@f08eeb0
07-18 17:11:42.677  7168  7168 D LifecycleMonitor: Lifecycle status change: com.example.lunchtray.MainActivity@f08eeb0 in: RESUMED
07-18 17:11:42.680  7168  7168 V ActivityScenario: Activity lifecycle changed event received but ignored because the intent does not match. startActivityIntent=Intent { act=android.intent.action.MAIN cat=[android.intent.category.LAUNCHER] cmp=com.example.lunchtray/androidx.fragment.app.testing.FragmentScenario$EmptyFragmentActivity (has extras) }, activity.getIntent()=Intent { act=android.intent.action.MAIN cat=[android.intent.category.LAUNCHER] cmp=com.example.lunchtray/.MainActivity }, activity=com.example.lunchtray.MainActivity@f08eeb0
07-18 17:11:42.680  7168  7168 V ActivityScenario: Update currentActivityStage to RESUMED, currentActivity=com.example.lunchtray.MainActivity@f08eeb0
07-18 17:11:42.746   333   377 D goldfish-address-space: claimShared: Ask to claim region [0x3fd9c6000 0x3fda2c000]
07-18 17:11:42.775   333   377 D goldfish-address-space: claimShared: Ask to claim region [0x3fd8fa000 0x3fd960000]
07-18 17:11:42.794   333   377 D goldfish-address-space: claimShared: Ask to claim region [0x3fda2c000 0x3fda92000]
07-18 17:11:42.839   552   579 I ActivityTaskManager: Displayed com.example.lunchtray/.MainActivity: +1s74ms
07-18 17:11:42.887  5626  5626 I GoogleInputMethodService: GoogleInputMethodService.onFinishInput():3420
07-18 17:11:42.887  5626  5626 I GoogleInputMethodService: GoogleInputMethodService.onStartInput():2002
07-18 17:11:42.899  5626  5626 I DeviceUnlockedTag: DeviceUnlockedTag.notifyDeviceLockStatusChanged():31 Notify device unlocked.
07-18 17:11:43.098  7168  7168 I ViewInteraction: Performing 'single click' action on view view.getId() is <2131231208/com.example.lunchtray:id/start_order_btn>
07-18 17:11:43.152  7168  7168 D LifecycleMonitor: Lifecycle status change: androidx.test.core.app.InstrumentationActivityInvoker$BootstrapActivity@a9b160a in: STOPPED
07-18 17:11:43.154  7168  7168 V ActivityScenario: Activity lifecycle changed event received but ignored because the intent does not match. startActivityIntent=Intent { act=android.intent.action.MAIN cat=[android.intent.category.LAUNCHER] cmp=com.example.lunchtray/androidx.fragment.app.testing.FragmentScenario$EmptyFragmentActivity (has extras) }, activity.getIntent()=Intent { act=android.intent.action.MAIN cat=[android.intent.category.LAUNCHER] flg=0x10008000 cmp=com.example.lunchtray/androidx.test.core.app.InstrumentationActivityInvoker$BootstrapActivity (has extras) }, activity=androidx.test.core.app.InstrumentationActivityInvoker$BootstrapActivity@a9b160a
07-18 17:11:43.157  7168  7168 V ActivityScenario: Activity lifecycle changed event received but ignored because the intent does not match. startActivityIntent=Intent { act=android.intent.action.MAIN cat=[android.intent.category.LAUNCHER] cmp=com.example.lunchtray/.MainActivity }, activity.getIntent()=Intent { act=android.intent.action.MAIN cat=[android.intent.category.LAUNCHER] flg=0x10008000 cmp=com.example.lunchtray/androidx.test.core.app.InstrumentationActivityInvoker$BootstrapActivity (has extras) }, activity=androidx.test.core.app.InstrumentationActivityInvoker$BootstrapActivity@a9b160a
07-18 17:11:43.195   552  2701 W InputManager-JNI: Input channel object 'aeb665f Splash Screen com.example.lunchtray (client)' was disposed without first being removed with the input manager!
07-18 17:11:43.936  7168  7193 D EGL_emulation: app_time_stats: avg=218.27ms min=3.92ms max=833.99ms count=5
07-18 17:11:43.942  7168  7168 I Choreographer: Skipped 46 frames!  The application may be doing too much work on its main thread.
07-18 17:11:43.965  7168  7180 I OpenGLRenderer: Davey! duration=815ms; Flags=0, FrameTimelineVsyncId=14562, IntendedVsync=1060948510178, Vsync=1060948510178, InputEventId=-17618894, HandleInputStart=1060955453815, AnimationStart=1060955457366, PerformTraversalsStart=1060955621909, DrawStart=1060955774244, FrameDeadline=1060965176844, FrameInterval=1060955419729, FrameStartTime=16666666, SyncQueued=1060976097792, SyncStart=1060976329126, IssueDrawCommandsStart=1060976375268, SwapBuffers=1061039688434, FrameCompleted=1061764655542, DequeueBufferDuration=8205, QueueBufferDuration=4697655, GpuCompleted=1061764416045, SwapBuffersCompleted=1061764655542, DisplayPresentTime=0,
07-18 17:11:43.997  7168  7168 W MotionEvents: Overslept and turned a tap into a long press
07-18 17:11:43.998  7168  7180 I OpenGLRenderer: Davey! duration=787ms; Flags=0, FrameTimelineVsyncId=14570, IntendedVsync=1060998510176, Vsync=1061765176812, InputEventId=0, HandleInputStart=1061770297603, AnimationStart=1061770301027, PerformTraversalsStart=1061775227833, DrawStart=1061775373166, FrameDeadline=1061031843508, FrameInterval=1061770113572, FrameStartTime=16666666, SyncQueued=1061775807542, SyncStart=1061793551990, IssueDrawCommandsStart=1061793725325, SwapBuffers=1061795281282, FrameCompleted=1061803681967, DequeueBufferDuration=3473059, QueueBufferDuration=534975, GpuCompleted=1061800094742, SwapBuffersCompleted=1061803681967, DisplayPresentTime=-4294967264,
07-18 17:11:44.158   396   501 D AudioFlinger: mixer(0x799b30e48a70) throttle end: throttle time(30)
07-18 17:11:44.569  7168  7168 I Choreographer: Skipped 32 frames!  The application may be doing too much work on its main thread.
07-18 17:11:44.754  7168  7168 I ViewInteraction: Performing 'single click' action on view view.getId() is <2131230844/com.example.lunchtray:id/cauliflower>
07-18 17:11:44.855  7168  7168 D SetEntree: entree value es not null MenuItem(name=Cauliflower, description=Whole cauliflower, brined, roasted, and deep fried, price=7.0, type=1)
07-18 17:11:44.859  7168  7168 D SetEntree: previous entree price  7.0
07-18 17:11:44.860  7168  7168 D SetEntree: Se agrego el valor a entree MenuItem(name=Cauliflower, description=Whole cauliflower, brined, roasted, and deep fried, price=7.0, type=1)
07-18 17:11:44.861  7168  7168 D ViewModel: Start function update subtotal and this is the value ---> 7.0
07-18 17:11:44.864  7168  7168 D ViewModel: value of subtotal ---> 0.0
07-18 17:11:44.878  7168  7168 D ViewModel: Add the value at subtotal
07-18 17:11:44.879  7168  7168 D TAX     : Inicia el calculo del tax
07-18 17:11:44.881  7168  7168 D TAX     : Valor de tax 0.56
07-18 17:11:44.886  7168  7168 D TAX     : Valor de total value 7.5600000000000005
07-18 17:11:44.937  7168  7193 D EGL_emulation: app_time_stats: avg=12.70ms min=4.63ms max=60.82ms count=45
07-18 17:11:45.171  7168  7168 I ViewInteraction: Performing 'single click' action on view view.getId() is <2131231081/com.example.lunchtray:id/next_button>
07-18 17:11:45.203  7168  7191 E TestRunner: failed: order_reset_after_cancel_from_accompaniment_menu(com.example.lunchtray.OrderFunctionalityTests)
07-18 17:11:45.203  7168  7191 E TestRunner: ----- begin exception -----
07-18 17:11:45.216  7168  7191 E TestRunner: androidx.test.espresso.PerformException: Error performing 'single click' on view 'Animations or transitions are enabled on the target device.
07-18 17:11:45.216  7168  7191 E TestRunner: For more info check: https://developer.android.com/training/testing/espresso/setup#set-up-environment
07-18 17:11:45.216  7168  7191 E TestRunner:
07-18 17:11:45.216  7168  7191 E TestRunner: view.getId() is <2131231081/com.example.lunchtray:id/next_button>'.
07-18 17:11:45.216  7168  7191 E TestRunner: 	at androidx.test.espresso.PerformException$Builder.build(PerformException.java:1)
07-18 17:11:45.216  7168  7191 E TestRunner: 	at androidx.test.espresso.base.DefaultFailureHandler.getUserFriendlyError(DefaultFailureHandler.java:9)
07-18 17:11:45.216  7168  7191 E TestRunner: 	at androidx.test.espresso.base.DefaultFailureHandler.handle(DefaultFailureHandler.java:7)
07-18 17:11:45.216  7168  7191 E TestRunner: 	at androidx.test.espresso.ViewInteraction.waitForAndHandleInteractionResults(ViewInteraction.java:8)
07-18 17:11:45.216  7168  7191 E TestRunner: 	at androidx.test.espresso.ViewInteraction.desugaredPerform(ViewInteraction.java:11)
07-18 17:11:45.216  7168  7191 E TestRunner: 	at androidx.test.espresso.ViewInteraction.perform(ViewInteraction.java:4)
07-18 17:11:45.216  7168  7191 E TestRunner: 	at com.example.lunchtray.OrderFunctionalityTests.order_reset_after_cancel_from_accompaniment_menu(OrderFunctionalityTests.kt:236)
07-18 17:11:45.216  7168  7191 E TestRunner: 	at java.lang.reflect.Method.invoke(Native Method)
07-18 17:11:45.216  7168  7191 E TestRunner: 	at org.junit.runners.model.FrameworkMethod$1.runReflectiveCall(FrameworkMethod.java:50)
07-18 17:11:45.216  7168  7191 E TestRunner: 	at org.junit.internal.runners.model.ReflectiveCallable.run(ReflectiveCallable.java:12)
07-18 17:11:45.216  7168  7191 E TestRunner: 	at org.junit.runners.model.FrameworkMethod.invokeExplosively(FrameworkMethod.java:47)
07-18 17:11:45.216  7168  7191 E TestRunner: 	at org.junit.internal.runners.statements.InvokeMethod.evaluate(InvokeMethod.java:17)
07-18 17:11:45.216  7168  7191 E TestRunner: 	at org.junit.runners.ParentRunner.runLeaf(ParentRunner.java:325)
07-18 17:11:45.216  7168  7191 E TestRunner: 	at org.junit.runners.BlockJUnit4ClassRunner.runChild(BlockJUnit4ClassRunner.java:78)
07-18 17:11:45.216  7168  7191 E TestRunner: 	at org.junit.runners.BlockJUnit4ClassRunner.runChild(BlockJUnit4ClassRunner.java:57)
07-18 17:11:45.216  7168  7191 E TestRunner: 	at org.junit.runners.ParentRunner$3.run(ParentRunner.java:290)
07-18 17:11:45.216  7168  7191 E TestRunner: 	at org.junit.runners.ParentRunner$1.schedule(ParentRunner.java:71)
07-18 17:11:45.216  7168  7191 E TestRunner: 	at org.junit.runners.ParentRunner.runChildren(ParentRunner.java:288)
07-18 17:11:45.216  7168  7191 E TestRunner: 	at org.junit.runners.ParentRunner.access$000(ParentRunner.java:58)
07-18 17:11:45.216  7168  7191 E TestRunner: 	at org.junit.runners.ParentRunner$2.evaluate(ParentRunner.java:268)
07-18 17:11:45.216  7168  7191 E TestRunner: 	at org.junit.runners.ParentRunner.run(ParentRunner.java:363)
07-18 17:11:45.216  7168  7191 E TestRunner: 	at androidx.test.ext.junit.runners.AndroidJUnit4.run(AndroidJUnit4.java:162)
07-18 17:11:45.216  7168  7191 E TestRunner: 	at org.junit.runners.Suite.runChild(Suite.java:128)
07-18 17:11:45.216  7168  7191 E TestRunner: 	at org.junit.runners.Suite.runChild(Suite.java:27)
07-18 17:11:45.216  7168  7191 E TestRunner: 	at org.junit.runners.ParentRunner$3.run(ParentRunner.java:290)
07-18 17:11:45.216  7168  7191 E TestRunner: 	at org.junit.runners.ParentRunner$1.schedule(ParentRunner.java:71)
07-18 17:11:45.216  7168  7191 E TestRunner: 	at org.junit.runners.ParentRunner.runChildren(ParentRunner.java:288)
07-18 17:11:45.216  7168  7191 E TestRunner: 	at org.junit.runners.ParentRunner.access$000(ParentRunner.java:58)
07-18 17:11:45.216  7168  7191 E TestRunner: 	at org.junit.runners.ParentRunner$2.evaluate(ParentRunner.java:268)
07-18 17:11:45.216  7168  7191 E TestRunner: 	at org.junit.runners.ParentRunner.run(ParentRunner.java:363)
07-18 17:11:45.216  7168  7191 E TestRunner: 	at org.junit.runner.JUnitCore.run(JUnitCore.java:137)
07-18 17:11:45.216  7168  7191 E TestRunner: 	at org.junit.runner.JUnitCore.run(JUnitCore.java:115)
07-18 17:11:45.216  7168  7191 E TestRunner: 	at androidx.test.internal.runner.TestExecutor.execute(TestExecutor.java:56)
07-18 17:11:45.216  7168  7191 E TestRunner: 	at androidx.test.runner.AndroidJUnitRunner.onStart(AndroidJUnitRunner.java:444)
07-18 17:11:45.216  7168  7191 E TestRunner: 	at android.app.Instrumentation$InstrumentationThread.run(Instrumentation.java:2248)
07-18 17:11:45.216  7168  7191 E TestRunner: Caused by: java.lang.RuntimeException: Action will not be performed because the target view does not match one or more of the following constraints:
07-18 17:11:45.216  7168  7191 E TestRunner: (view has effective visibility <VISIBLE> and view.getGlobalVisibleRect() covers at least <90> percent of the view's area)
07-18 17:11:45.216  7168  7191 E TestRunner: Target view: "MaterialButton{id=2131231081, res-name=next_button, visibility=VISIBLE, width=102, height=36, has-focus=false, has-focusable=true, has-window-focus=true, is-clickable=true, is-enabled=true, is-focused=false, is-focusable=true, is-layout-requested=false, is-selected=false, layout-params=androidx.constraintlayout.widget.ConstraintLayout$LayoutParams@1373768, tag=null, root-is-layout-requested=false, has-input-connection=false, x=126.0, y=437.0, text=Next, input-type=0, ime-target=false, has-links=false, is-checked=false}"
07-18 17:11:45.216  7168  7191 E TestRunner: 	at androidx.test.espresso.ViewInteraction.doPerform(ViewInteraction.java:20)
07-18 17:11:45.216  7168  7191 E TestRunner: 	at androidx.test.espresso.ViewInteraction.access$100(ViewInteraction.java:1)
07-18 17:11:45.216  7168  7191 E TestRunner: 	at androidx.test.espresso.ViewInteraction$1.call(ViewInteraction.java:2)
07-18 17:11:45.216  7168  7191 E TestRunner: 	at androidx.test.espresso.ViewInteraction$1.call(ViewInteraction.java:1)
07-18 17:11:45.216  7168  7191 E TestRunner: 	at java.util.concurrent.FutureTask.run(FutureTask.java:266)
07-18 17:11:45.216  7168  7191 E TestRunner: 	at android.os.Handler.handleCallback(Handler.java:938)
07-18 17:11:45.216  7168  7191 E TestRunner: 	at android.os.Handler.dispatchMessage(Handler.java:99)
07-18 17:11:45.216  7168  7191 E TestRunner: 	at android.os.Looper.loopOnce(Looper.java:201)
07-18 17:11:45.216  7168  7191 E TestRunner: 	at android.os.Looper.loop(Looper.java:288)
07-18 17:11:45.216  7168  7191 E TestRunner: 	at android.app.ActivityThread.main(ActivityThread.java:7839)
07-18 17:11:45.216  7168  7191 E TestRunner: 	at java.lang.reflect.Method.invoke(Native Method)
07-18 17:11:45.216  7168  7191 E TestRunner: 	at com.android.internal.os.RuntimeInit$MethodAndArgsCaller.run(RuntimeInit.java:548)
07-18 17:11:45.216  7168  7191 E TestRunner: 	at com.android.internal.os.ZygoteInit.main(ZygoteInit.java:1003)
07-18 17:11:45.216  7168  7191 E TestRunner: ----- end exception -----
07-18 17:11:45.266  7168  7191 I TestRunner: finished: order_reset_after_cancel_from_accompaniment_menu(com.example.lunchtray.OrderFunctionalityTests)
